Component: ARM Compiler 5.06 update 6 (build 750) Tool: armlink [4d35ed]

==============================================================================

Section Cross References

    startup_gd32f30x_xd.o(STACK) refers (Special) to heapauxi.o(.text) for __use_two_region_memory
    startup_gd32f30x_xd.o(HEAP) refers (Special) to heapauxi.o(.text) for __use_two_region_memory
    startup_gd32f30x_xd.o(RESET) refers (Special) to heapauxi.o(.text) for __use_two_region_memory
    startup_gd32f30x_xd.o(RESET) refers to startup_gd32f30x_xd.o(STACK) for __initial_sp
    startup_gd32f30x_xd.o(RESET) refers to startup_gd32f30x_xd.o(.text) for Reset_Handler
    startup_gd32f30x_xd.o(RESET) refers to gd32f30x_it.o(i.NMI_Handler) for NMI_Handler
    startup_gd32f30x_xd.o(RESET) refers to gd32f30x_it.o(i.HardFault_Handler) for HardFault_Handler
    startup_gd32f30x_xd.o(RESET) refers to gd32f30x_it.o(i.MemManage_Handler) for MemManage_Handler
    startup_gd32f30x_xd.o(RESET) refers to gd32f30x_it.o(i.BusFault_Handler) for BusFault_Handler
    startup_gd32f30x_xd.o(RESET) refers to gd32f30x_it.o(i.UsageFault_Handler) for UsageFault_Handler
    startup_gd32f30x_xd.o(RESET) refers to gd32f30x_it.o(i.SVC_Handler) for SVC_Handler
    startup_gd32f30x_xd.o(RESET) refers to gd32f30x_it.o(i.DebugMon_Handler) for DebugMon_Handler
    startup_gd32f30x_xd.o(RESET) refers to gd32f30x_it.o(i.PendSV_Handler) for PendSV_Handler
    startup_gd32f30x_xd.o(RESET) refers to gd32f30x_it.o(i.SysTick_Handler) for SysTick_Handler
    startup_gd32f30x_xd.o(RESET) refers to can.o(i.CAN0_RX1_IRQHandler) for CAN0_RX1_IRQHandler
    startup_gd32f30x_xd.o(RESET) refers to time2.o(i.TIMER2_IRQHandler) for TIMER2_IRQHandler
    startup_gd32f30x_xd.o(RESET) refers to rs485.o(i.USART0_IRQHandler) for USART0_IRQHandler
    startup_gd32f30x_xd.o(.text) refers (Special) to heapauxi.o(.text) for __use_two_region_memory
    startup_gd32f30x_xd.o(.text) refers to system_gd32f30x.o(i.SystemInit) for SystemInit
    startup_gd32f30x_xd.o(.text) refers to __main.o(!!!main) for __main
    startup_gd32f30x_xd.o(.text) refers to startup_gd32f30x_xd.o(HEAP) for Heap_Mem
    startup_gd32f30x_xd.o(.text) refers to startup_gd32f30x_xd.o(STACK) for Stack_Mem
    system_gd32f30x.o(i.SystemCoreClockUpdate) refers to system_gd32f30x.o(.data) for SystemCoreClock
    system_gd32f30x.o(i.SystemInit) refers to system_gd32f30x.o(i.system_clock_config) for system_clock_config
    system_gd32f30x.o(i.system_clock_config) refers to system_gd32f30x.o(i.system_clock_120m_irc8m) for system_clock_120m_irc8m
    gd32f30x_adc.o(i.adc_deinit) refers to gd32f30x_rcu.o(i.rcu_periph_reset_enable) for rcu_periph_reset_enable
    gd32f30x_adc.o(i.adc_deinit) refers to gd32f30x_rcu.o(i.rcu_periph_reset_disable) for rcu_periph_reset_disable
    gd32f30x_bkp.o(i.bkp_deinit) refers to gd32f30x_rcu.o(i.rcu_bkp_reset_enable) for rcu_bkp_reset_enable
    gd32f30x_bkp.o(i.bkp_deinit) refers to gd32f30x_rcu.o(i.rcu_bkp_reset_disable) for rcu_bkp_reset_disable
    gd32f30x_can.o(i.can_debug_freeze_disable) refers to gd32f30x_dbg.o(i.dbg_periph_disable) for dbg_periph_disable
    gd32f30x_can.o(i.can_debug_freeze_enable) refers to gd32f30x_dbg.o(i.dbg_periph_enable) for dbg_periph_enable
    gd32f30x_can.o(i.can_deinit) refers to gd32f30x_rcu.o(i.rcu_periph_reset_enable) for rcu_periph_reset_enable
    gd32f30x_can.o(i.can_deinit) refers to gd32f30x_rcu.o(i.rcu_periph_reset_disable) for rcu_periph_reset_disable
    gd32f30x_can.o(i.can_interrupt_flag_get) refers to gd32f30x_can.o(i.can_receive_message_length_get) for can_receive_message_length_get
    gd32f30x_can.o(i.can_interrupt_flag_get) refers to gd32f30x_can.o(i.can_error_get) for can_error_get
    gd32f30x_ctc.o(i.ctc_deinit) refers to gd32f30x_rcu.o(i.rcu_periph_reset_enable) for rcu_periph_reset_enable
    gd32f30x_ctc.o(i.ctc_deinit) refers to gd32f30x_rcu.o(i.rcu_periph_reset_disable) for rcu_periph_reset_disable
    gd32f30x_dac.o(i.dac_deinit) refers to gd32f30x_rcu.o(i.rcu_periph_reset_enable) for rcu_periph_reset_enable
    gd32f30x_dac.o(i.dac_deinit) refers to gd32f30x_rcu.o(i.rcu_periph_reset_disable) for rcu_periph_reset_disable
    gd32f30x_dma.o(i.dma_channel_disable) refers to gd32f30x_dma.o(i.dma_periph_and_channel_check) for dma_periph_and_channel_check
    gd32f30x_dma.o(i.dma_channel_enable) refers to gd32f30x_dma.o(i.dma_periph_and_channel_check) for dma_periph_and_channel_check
    gd32f30x_dma.o(i.dma_circulation_disable) refers to gd32f30x_dma.o(i.dma_periph_and_channel_check) for dma_periph_and_channel_check
    gd32f30x_dma.o(i.dma_circulation_enable) refers to gd32f30x_dma.o(i.dma_periph_and_channel_check) for dma_periph_and_channel_check
    gd32f30x_dma.o(i.dma_deinit) refers to gd32f30x_dma.o(i.dma_periph_and_channel_check) for dma_periph_and_channel_check
    gd32f30x_dma.o(i.dma_init) refers to gd32f30x_dma.o(i.dma_periph_and_channel_check) for dma_periph_and_channel_check
[...]
    ../fplib/d2f.s                           0x00000000   Number         0  d2f.o ABSOLUTE
    ../fplib/daddsub.s                       0x00000000   Number         0  daddsub_clz.o ABSOLUTE
    ../fplib/dcmpi.s                         0x00000000   Number         0  dcmpi.o ABSOLUTE
    ../fplib/ddiv.s                          0x00000000   Number         0  ddiv.o ABSOLUTE
    ../fplib/dfixu.s                         0x00000000   Number         0  dfixu.o ABSOLUTE
    ../fplib/dflt.s                          0x00000000   Number         0  dflt_clz.o ABSOLUTE
    ../fplib/dleqf.s                         0x00000000   Number         0  dleqf.o ABSOLUTE
    ../fplib/dmul.s                          0x00000000   Number         0  dmul.o ABSOLUTE
    ../fplib/dnaninf.s                       0x00000000   Number         0  dnaninf.o ABSOLUTE
    ../fplib/dretinf.s                       0x00000000   Number         0  dretinf.o ABSOLUTE
    ../fplib/drleqf.s                        0x00000000   Number         0  drleqf.o ABSOLUTE
    ../fplib/f2d.s                           0x00000000   Number         0  f2d.o ABSOLUTE
    ../fplib/fnaninf.s                       0x00000000   Number         0  fnaninf.o ABSOLUTE
    ../fplib/fpinit.s                        0x00000000   Number         0  fpinit.o ABSOLUTE
    ../fplib/fretinf.s                       0x00000000   Number         0  fretinf.o ABSOLUTE
    ../fplib/istatus.s                       0x00000000   Number         0  istatus.o ABSOLUTE
    ../fplib/usenofp.s                       0x00000000   Number         0  usenofp.o ABSOLUTE
    ../mathlib/atanf.c                       0x00000000   Number         0  atanf.o ABSOLUTE
    ../mathlib/atanf.c                       0x00000000   Number         0  atanf_x.o ABSOLUTE
    ../mathlib/fpclassifyf.c                 0x00000000   Number         0  fpclassifyf.o ABSOLUTE
    ../mathlib/funder.c                      0x00000000   Number         0  funder.o ABSOLUTE
    ../mathlib/powf.c                        0x00000000   Number         0  powf_x.o ABSOLUTE
    ../mathlib/powf.c                        0x00000000   Number         0  powf.o ABSOLUTE
    ../mathlib/sqrtf.c                       0x00000000   Number         0  sqrtf_x.o ABSOLUTE
    ../mathlib/sqrtf.c                       0x00000000   Number         0  sqrtf.o ABSOLUTE
    ..\..\GD32F30x_Firmware_Library\CMSIS\GD\GD32F30x\Source\ARM\startup_gd32f30x_xd.s 0x00000000   Number         0  startup_gd32f30x_xd.o ABSOLUTE
    ..\..\GD32F30x_Firmware_Library\GD32F30x_standard_peripheral\Source\gd32f30x_adc.c 0x00000000   Number         0  gd32f30x_adc.o ABSOLUTE
    ..\..\GD32F30x_Firmware_Library\GD32F30x_standard_peripheral\Source\gd32f30x_bkp.c 0x00000000   Number         0  gd32f30x_bkp.o ABSOLUTE
    ..\..\GD32F30x_Firmware_Library\GD32F30x_standard_peripheral\Source\gd32f30x_can.c 0x00000000   Number         0  gd32f30x_can.o ABSOLUTE
    ..\..\GD32F30x_Firmware_Library\GD32F30x_standard_peripheral\Source\gd32f30x_crc.c 0x00000000   Number         0  gd32f30x_crc.o ABSOLUTE
    ..\..\GD32F30x_Firmware_Library\GD32F30x_standard_peripheral\Source\gd32f30x_ctc.c 0x00000000   Number         0  gd32f30x_ctc.o ABSOLUTE
    ..\..\GD32F30x_Firmware_Library\GD32F30x_standard_peripheral\Source\gd32f30x_dac.c 0x00000000   Number         0  gd32f30x_dac.o ABSOLUTE
    ..\..\GD32F30x_Firmware_Library\GD32F30x_standard_peripheral\Source\gd32f30x_dbg.c 0x00000000   Number         0  gd32f30x_dbg.o ABSOLUTE
    ..\..\GD32F30x_Firmware_Library\GD32F30x_standard_peripheral\Source\gd32f30x_dma.c 0x00000000   Number         0  gd32f30x_dma.o ABSOLUTE
    ..\..\GD32F30x_Firmware_Library\GD32F30x_standard_peripheral\Source\gd32f30x_enet.c 0x00000000   Number         0  gd32f30x_enet.o ABSOLUTE
    ..\..\GD32F30x_Firmware_Library\GD32F30x_standard_peripheral\Source\gd32f30x_exmc.c 0x00000000   Number         0  gd32f30x_exmc.o ABSOLUTE
    ..\..\GD32F30x_Firmware_Library\GD32F30x_standard_peripheral\Source\gd32f30x_exti.c 0x00000000   Number         0  gd32f30x_exti.o ABSOLUTE
    ..\..\GD32F30x_Firmware_Library\GD32F30x_standard_peripheral\Source\gd32f30x_fmc.c 0x00000000   Number         0  gd32f30x_fmc.o ABSOLUTE
    ..\..\GD32F30x_Firmware_Library\GD32F30x_standard_peripheral\Source\gd32f30x_fwdgt.c 0x00000000   Number         0  gd32f30x_fwdgt.o ABSOLUTE
    ..\..\GD32F30x_Firmware_Library\GD32F30x_standard_peripheral\Source\gd32f30x_gpio.c 0x00000000   Number         0  gd32f30x_gpio.o ABSOLUTE
    ..\..\GD32F30x_Firmware_Library\GD32F30x_standard_peripheral\Source\gd32f30x_i2c.c 0x00000000   Number         0  gd32f30x_i2c.o ABSOLUTE
    ..\..\GD32F30x_Firmware_Library\GD32F30x_standard_peripheral\Source\gd32f30x_misc.c 0x00000000   Number         0  gd32f30x_misc.o ABSOLUTE
    ..\..\GD32F30x_Firmware_Library\GD32F30x_standard_peripheral\Source\gd32f30x_pmu.c 0x00000000   Number         0  gd32f30x_pmu.o ABSOLUTE
    ..\..\GD32F30x_Firmware_Library\GD32F30x_standard_peripheral\Source\gd32f30x_rcu.c 0x00000000   Number         0  gd32f30x_rcu.o ABSOLUTE
    ..\..\GD32F30x_Firmware_Library\GD32F30x_standard_peripheral\Source\gd32f30x_rtc.c 0x00000000   Number         0  gd32f30x_rtc.o ABSOLUTE
    ..\..\GD32F30x_Firmware_Library\GD32F30x_standard_peripheral\Source\gd32f30x_sdio.c 0x00000000   Number         0  gd32f30x_sdio.o ABSOLUTE
    ..\..\GD32F30x_Firmware_Library\GD32F30x_standard_peripheral\Source\gd32f30x_spi.c 0x00000000   Number         0  gd32f30x_spi.o ABSOLUTE
    ..\..\GD32F30x_Firmware_Library\GD32F30x_standard_peripheral\Source\gd32f30x_timer.c 0x00000000   Number         0  gd32f30x_timer.o ABSOLUTE
    ..\..\GD32F30x_Firmware_Library\GD32F30x_standard_peripheral\Source\gd32f30x_usart.c 0x00000000   Number         0  gd32f30x_usart.o ABSOLUTE
    ..\..\GD32F30x_Firmware_Library\GD32F30x_standard_peripheral\Source\gd32f30x_wwdgt.c 0x00000000   Number         0  gd32f30x_wwdgt.o ABSOLUTE
    ..\..\Hardware\ICM-20948\icm20948.c      0x00000000   Number         0  icm20948.o ABSOLUTE
    ..\..\Hardware\can\can.c                 0x00000000   Number         0  can.o ABSOLUTE
    ..\..\Hardware\dac\dac.c                 0x00000000   Number         0  dac.o ABSOLUTE
    ..\..\Hardware\iic\iic.c                 0x00000000   Number         0  iic.o ABSOLUTE
    ..\..\Hardware\rs485\rs485.c             0x00000000   Number         0  rs485.o ABSOLUTE
    ..\..\Hardware\sca3300\sca3300.c         0x00000000   Number         0  sca3300.o ABSOLUTE
    ..\..\Hardware\spi\spi.c                 0x00000000   Number         0  spi.o ABSOLUTE
    ..\..\Hardware\time2\time2.c             0x00000000   Number         0  time2.o ABSOLUTE
    ..\\..\\GD32F30x_Firmware_Library\\GD32F30x_standard_peripheral\\Source\\gd32f30x_adc.c 0x00000000   Number         0  gd32f30x_adc.o ABSOLUTE
    ..\\..\\GD32F30x_Firmware_Library\\GD32F30x_standard_peripheral\\Source\\gd32f30x_bkp.c 0x00000000   Number         0  gd32f30x_bkp.o ABSOLUTE
    ..\\..\\GD32F30x_Firmware_Library\\GD32F30x_standard_peripheral\\Source\\gd32f30x_can.c 0x00000000   Number         0  gd32f30x_can.o ABSOLUTE
    ..\\..\\GD32F30x_Firmware_Library\\GD32F30x_standard_peripheral\\Source\\gd32f30x_crc.c 0x00000000   Number         0  gd32f30x_crc.o ABSOLUTE
    ..\\..\\GD32F30x_Firmware_Library\\GD32F30x_standard_peripheral\\Source\\gd32f30x_ctc.c 0x00000000   Number         0  gd32f30x_ctc.o ABSOLUTE
    ..\\..\\GD32F30x_Firmware_Library\\GD32F30x_standard_peripheral\\Source\\gd32f30x_dac.c 0x00000000   Number         0  gd32f30x_dac.o ABSOLUTE
    ..\\..\\GD32F30x_Firmware_Library\\GD32F30x_standard_peripheral\\Source\\gd32f30x_dbg.c 0x00000000   Number         0  gd32f30x_dbg.o ABSOLUTE
    ..\\..\\GD32F30x_Firmware_Library\\GD32F30x_standard_peripheral\\Source\\gd32f30x_dma.c 0x00000000   Number         0  gd32f30x_dma.o ABSOLUTE
    ..\\..\\GD32F30x_Firmware_Library\\GD32F30x_standard_peripheral\\Source\\gd32f30x_enet.c 0x00000000   Number         0  gd32f30x_enet.o ABSOLUTE
    ..\\..\\GD32F30x_Firmware_Library\\GD32F30x_standard_peripheral\\Source\\gd32f30x_exmc.c 0x00000000   Number         0  gd32f30x_exmc.o ABSOLUTE
    ..\\..\\GD32F30x_Firmware_Library\\GD32F30x_standard_peripheral\\Source\\gd32f30x_exti.c 0x00000000   Number         0  gd32f30x_exti.o ABSOLUTE
    ..\\..\\GD32F30x_Firmware_Library\\GD32F30x_standard_peripheral\\Source\\gd32f30x_fmc.c 0x00000000   Number         0  gd32f30x_fmc.o ABSOLUTE
    ..\\..\\GD32F30x_Firmware_Library\\GD32F30x_standard_peripheral\\Source\\gd32f30x_fwdgt.c 0x00000000   Number         0  gd32f30x_fwdgt.o ABSOLUTE
    ..\\..\\GD32F30x_Firmware_Library\\GD32F30x_standard_peripheral\\Source\\gd32f30x_gpio.c 0x00000000   Number         0  gd32f30x_gpio.o ABSOLUTE
    ..\\..\\GD32F30x_Firmware_Library\\GD32F30x_standard_peripheral\\Source\\gd32f30x_i2c.c 0x00000000   Number         0  gd32f30x_i2c.o ABSOLUTE
    ..\\..\\GD32F30x_Firmware_Library\\GD32F30x_standard_peripheral\\Source\\gd32f30x_misc.c 0x00000000   Number         0  gd32f30x_misc.o ABSOLUTE
    ..\\..\\GD32F30x_Firmware_Library\\GD32F30x_standard_peripheral\\Source\\gd32f30x_pmu.c 0x00000000   Number         0  gd32f30x_pmu.o ABSOLUTE
    ..\\..\\GD32F30x_Firmware_Library\\GD32F30x_standard_peripheral\\Source\\gd32f30x_rcu.c 0x00000000   Number         0  gd32f30x_rcu.o ABSOLUTE
    ..\\..\\GD32F30x_Firmware_Library\\GD32F30x_standard_peripheral\\Source\\gd32f30x_rtc.c 0x00000000   Number         0  gd32f30x_rtc.o ABSOLUTE
    ..\\..\\GD32F30x_Firmware_Library\\GD32F30x_standard_peripheral\\Source\\gd32f30x_sdio.c 0x00000000   Number         0  gd32f30x_sdio.o ABSOLUTE
    ..\\..\\GD32F30x_Firmware_Library\\GD32F30x_standard_peripheral\\Source\\gd32f30x_spi.c 0x00000000   Number         0  gd32f30x_spi.o ABSOLUTE
    ..\\..\\GD32F30x_Firmware_Library\\GD32F30x_standard_peripheral\\Source\\gd32f30x_timer.c 0x00000000   Number         0  gd32f30x_timer.o ABSOLUTE
    ..\\..\\GD32F30x_Firmware_Library\\GD32F30x_standard_peripheral\\Source\\gd32f30x_usart.c 0x00000000   Number         0  gd32f30x_usart.o ABSOLUTE
    ..\\..\\GD32F30x_Firmware_Library\\GD32F30x_standard_peripheral\\Source\\gd32f30x_wwdgt.c 0x00000000   Number         0  gd32f30x_wwdgt.o ABSOLUTE
    ..\\..\\Hardware\\ICM-20948\\icm20948.c  0x00000000   Number         0  icm20948.o ABSOLUTE
    ..\\..\\Hardware\\can\\can.c             0x00000000   Number         0  can.o ABSOLUTE
    ..\\..\\Hardware\\dac\\dac.c             0x00000000   Number         0  dac.o ABSOLUTE
    ..\\..\\Hardware\\iic\\iic.c             0x00000000   Number         0  iic.o ABSOLUTE
    ..\\..\\Hardware\\rs485\\rs485.c         0x00000000   Number         0  rs485.o ABSOLUTE
    ..\\..\\Hardware\\sca3300\\sca3300.c     0x00000000   Number         0  sca3300.o ABSOLUTE
    ..\\..\\Hardware\\spi\\spi.c             0x00000000   Number         0  spi.o ABSOLUTE
    ..\\..\\Hardware\\time2\\time2.c         0x00000000   Number         0  time2.o ABSOLUTE
    ..\\gd32f30x_it.c                        0x00000000   Number         0  gd32f30x_it.o ABSOLUTE
    ..\\main.c                               0x00000000   Number         0  main.o ABSOLUTE
    ..\\system_gd32f30x.c                    0x00000000   Number         0  system_gd32f30x.o ABSOLUTE
    ..\\systick.c                            0x00000000   Number         0  systick.o ABSOLUTE
    ..\gd32f30x_it.c                         0x00000000   Number         0  gd32f30x_it.o ABSOLUTE
    ..\main.c                                0x00000000   Number         0  main.o ABSOLUTE
    ..\system_gd32f30x.c                     0x00000000   Number         0  system_gd32f30x.o ABSOLUTE
    ..\systick.c                             0x00000000   Number         0  systick.o ABSOLUTE
    dc.s                                     0x00000000   Number         0  dc.o ABSOLUTE
    RESET                                    0x08000000   Section      304  startup_gd32f30x_xd.o(RESET)
    !!!main                                  0x08000130   Section        8  __main.o(!!!main)
    !!!scatter                               0x08000138   Section       52  __scatter.o(!!!scatter)
    !!handler_copy                           0x0800016c   Section       26  __scatter_copy.o(!!handler_copy)
    !!handler_zi                             0x08000188   Section       28  __scatter_zi.o(!!handler_zi)
    .ARM.Collect$$_printf_percent$$00000000  0x080001a4   Section        0  _printf_percent.o(.ARM.Collect$$_printf_percent$$00000000)
    .ARM.Collect$$_printf_percent$$0000000C  0x080001a4   Section        6  _printf_x.o(.ARM.Collect$$_printf_percent$$0000000C)
    .ARM.Collect$$_printf_percent$$00000017  0x080001aa   Section        4  _printf_percent_end.o(.ARM.Collect$$_printf_percent$$00000017)
    .ARM.Collect$$libinit$$00000000          0x080001ae   Section        2  libinit.o(.ARM.Collect$$libinit$$00000000)
    .ARM.Collect$$libinit$$00000001          0x080001b0   Section        4  libinit2.o(.ARM.Collect$$libinit$$00000001)
    .ARM.Collect$$libinit$$00000004          0x080001b4   Section        0  libinit2.o(.ARM.Collect$$libinit$$00000004)
    .ARM.Collect$$libinit$$0000000A          0x080001b4   Section        0  libinit2.o(.ARM.Collect$$libinit$$0000000A)
    .ARM.Collect$$libinit$$0000000C          0x080001b4   Section        0  libinit2.o(.ARM.Collect$$libinit$$0000000C)
    .ARM.Collect$$libinit$$0000000E          0x080001b4   Section        0  libinit2.o(.ARM.Collect$$libinit$$0000000E)
    .ARM.Collect$$libinit$$00000011          0x080001b4   Section        0  libinit2.o(.ARM.Collect$$libinit$$00000011)
    .ARM.Collect$$libinit$$00000013          0x080001b4   Section        0  libinit2.o(.ARM.Collect$$libinit$$00000013)
    .ARM.Collect$$libinit$$00000015          0x080001b4   Section        0  libinit2.o(.ARM.Collect$$libinit$$00000015)
    .ARM.Collect$$libinit$$00000017          0x080001b4   Section        0  libinit2.o(.ARM.Collect$$libinit$$00000017)
    .ARM.Collect$$libinit$$00000019          0x080001b4   Section        0  libinit2.o(.ARM.Collect$$libinit$$00000019)
    .ARM.Collect$$libinit$$0000001B          0x080001b4   Section        0  libinit2.o(.ARM.Collect$$libinit$$0000001B)
    .ARM.Collect$$libinit$$0000001D          0x080001b4   Section        0  libinit2.o(.ARM.Collect$$libinit$$0000001D)
    .ARM.Collect$$libinit$$0000001F          0x080001b4   Section        0  libinit2.o(.ARM.Collect$$libinit$$0000001F)
    .ARM.Collect$$libinit$$00000021          0x080001b4   Section        0  libinit2.o(.ARM.Collect$$libinit$$00000021)
    .ARM.Collect$$libinit$$00000023          0x080001b4   Section        0  libinit2.o(.ARM.Collect$$libinit$$00000023)
    .ARM.Collect$$libinit$$00000025          0x080001b4   Section        0  libinit2.o(.ARM.Collect$$libinit$$00000025)
    .ARM.Collect$$libinit$$0000002C          0x080001b4   Section        0  libinit2.o(.ARM.Collect$$libinit$$0000002C)
    .ARM.Collect$$libinit$$0000002E          0x080001b4   Section        0  libinit2.o(.ARM.Collect$$libinit$$0000002E)
    .ARM.Collect$$libinit$$00000030          0x080001b4   Section        0  libinit2.o(.ARM.Collect$$libinit$$00000030)
    .ARM.Collect$$libinit$$00000032          0x080001b4   Section        0  libinit2.o(.ARM.Collect$$libinit$$00000032)
    .ARM.Collect$$libinit$$00000033          0x080001b4   Section        2  libinit2.o(.ARM.Collect$$libinit$$00000033)
    .ARM.Collect$$libshutdown$$00000000      0x080001b6   Section        2  libshutdown.o(.ARM.Collect$$libshutdown$$00000000)
    .ARM.Collect$$libshutdown$$00000002      0x080001b8   Section        0  libshutdown2.o(.ARM.Collect$$libshutdown$$00000002)
    .ARM.Collect$$libshutdown$$00000004      0x080001b8   Section        0  libshutdown2.o(.ARM.Collect$$libshutdown$$00000004)
    .ARM.Collect$$libshutdown$$00000007      0x080001b8   Section        0  libshutdown2.o(.ARM.Collect$$libshutdown$$00000007)
    .ARM.Collect$$libshutdown$$0000000A      0x080001b8   Section        0  libshutdown2.o(.ARM.Collect$$libshutdown$$0000000A)
    .ARM.Collect$$libshutdown$$0000000C      0x080001b8   Section        0  libshutdown2.o(.ARM.Collect$$libshutdown$$0000000C)
    .ARM.Collect$$libshutdown$$0000000F      0x080001b8   Section        0  libshutdown2.o(.ARM.Collect$$libshutdown$$0000000F)
    .ARM.Collect$$libshutdown$$00000010      0x080001b8   Section        2  libshutdown2.o(.ARM.Collect$$libshutdown$$00000010)
    .ARM.Collect$$rtentry$$00000000          0x080001ba   Section        0  __rtentry.o(.ARM.Collect$$rtentry$$00000000)
    .ARM.Collect$$rtentry$$00000002          0x080001ba   Section        0  __rtentry2.o(.ARM.Collect$$rtentry$$00000002)
    .ARM.Collect$$rtentry$$00000004          0x080001ba   Section        6  __rtentry4.o(.ARM.Collect$$rtentry$$00000004)
    .ARM.Collect$$rtentry$$00000009          0x080001c0   Section        0  __rtentry2.o(.ARM.Collect$$rtentry$$00000009)
    .ARM.Collect$$rtentry$$0000000A          0x080001c0   Section        4  __rtentry2.o(.ARM.Collect$$rtentry$$0000000A)
    .ARM.Collect$$rtentry$$0000000C          0x080001c4   Section        0  __rtentry2.o(.ARM.Collect$$rtentry$$0000000C)
    .ARM.Collect$$rtentry$$0000000D          0x080001c4   Section        8  __rtentry2.o(.ARM.Collect$$rtentry$$0000000D)
    .ARM.Collect$$rtexit$$00000000           0x080001cc   Section        2  rtexit.o(.ARM.Collect$$rtexit$$00000000)
    .ARM.Collect$$rtexit$$00000002           0x080001ce   Section        0  rtexit2.o(.ARM.Collect$$rtexit$$00000002)
    .ARM.Collect$$rtexit$$00000003           0x080001ce   Section        4  rtexit2.o(.ARM.Collect$$rtexit$$00000003)
    .ARM.Collect$$rtexit$$00000004           0x080001d2   Section        6  rtexit2.o(.ARM.Collect$$rtexit$$00000004)
    .text                                    0x080001d8   Section       64  startup_gd32f30x_xd.o(.text)
    $v0                                      0x080001d8   Number         0  startup_gd32f30x_xd.o(.text)
    .text                                    0x08000218   Section        2  use_no_semi_2.o(.text)
    .text                                    0x0800021c   Section        0  noretval__2printf.o(.text)
    .text                                    0x08000234   Section        0  _printf_hex_int.o(.text)
    .text                                    0x0800028c   Section        0  __printf_flags.o(.text)
    .text                                    0x08000320   Section       78  rt_memclr_w.o(.text)
    .text                                    0x0800036e   Section        0  heapauxi.o(.text)
    .text                                    0x08000374   Section        2  use_no_semi.o(.text)
    .text                                    0x08000376   Section        0  _printf_intcommon.o(.text)
    .text                                    0x08000428   Section        0  _printf_char_file.o(.text)
    .text                                    0x0800044c   Section        0  _printf_char_common.o(.text)
    _printf_input_char                       0x0800044d   Thumb Code    10  _printf_char_common.o(.text)
    .text                                    0x0800047c   Section        0  ferror.o(.text)
    .text                                    0x08000484   Section        8  libspace.o(.text)
    .text                                    0x0800048c   Section       74  sys_stackheap_outer.o(.text)
    .text                                    0x080004d6   Section        0  exit.o(.text)
    i.BusFault_Handler                       0x080004e8   Section        0  gd32f30x_it.o(i.BusFault_Handler)
    i.CAN0_RX1_IRQHandler                    0x080004ec   Section        0  can.o(i.CAN0_RX1_IRQHandler)
    i.CRC8                                   0x0800050c   Section        0  sca3300.o(i.CRC8)
    CRC8                                     0x0800050d   Thumb Code    30  sca3300.o(i.CRC8)
    i.CalculateCRC                           0x0800052a   Section        0  sca3300.o(i.CalculateCRC)
    CalculateCRC                             0x0800052b   Thumb Code    48  sca3300.o(i.CalculateCRC)
    i.DebugMon_Handler                       0x0800055a   Section        0  gd32f30x_it.o(i.DebugMon_Handler)
    i.HardFault_Handler                      0x0800055c   Section        0  gd32f30x_it.o(i.HardFault_Handler)
    i.MemManage_Handler                      0x08000560   Section        0  gd32f30x_it.o(i.MemManage_Handler)
    i.NMI_Handler                            0x08000564   Section        0  gd32f30x_it.o(i.NMI_Handler)
    i.PendSV_Handler                         0x08000566   Section        0  gd32f30x_it.o(i.PendSV_Handler)
    i.SVC_Handler                            0x08000568   Section        0  gd32f30x_it.o(i.SVC_Handler)
    i.SysTick_Handler                        0x0800056a   Section        0  gd32f30x_it.o(i.SysTick_Handler)
    i.SystemInit                             0x08000574   Section        0  system_gd32f30x.o(i.SystemInit)
    i.TIMER2_IRQHandler                      0x0800061c   Section        0  time2.o(i.TIMER2_IRQHandler)
    i.USART0_IRQHandler                      0x08000654   Section        0  rs485.o(i.USART0_IRQHandler)
    i.UsageFault_Handler                     0x080006e8   Section        0  gd32f30x_it.o(i.UsageFault_Handler)
    i._sys_exit                              0x080006ec   Section        0  rs485.o(i._sys_exit)
    i.can_config_init                        0x080006f0   Section        0  can.o(i.can_config_init)
    i.can_deinit                             0x0800074c   Section        0  gd32f30x_can.o(i.can_deinit)
    i.can_filter_init                        0x0800076c   Section        0  gd32f30x_can.o(i.can_filter_init)
    i.can_gpio_init                          0x0800087c   Section        0  can.o(i.can_gpio_init)
    i.can_init                               0x080008b8   Section        0  gd32f30x_can.o(i.can_init)
    i.can_interrupt_enable                   0x080009da   Section        0  gd32f30x_can.o(i.can_interrupt_enable)
    i.can_message_receive                    0x080009e2   Section        0  gd32f30x_can.o(i.can_message_receive)
    i.can_struct_para_init                   0x08000ac6   Section        0  gd32f30x_can.o(i.can_struct_para_init)
    i.dac_config_init                        0x08000b6a   Section        0  dac.o(i.dac_config_init)
    i.dac_data_set                           0x08000b9c   Section        0  gd32f30x_dac.o(i.dac_data_set)
    i.dac_deinit                             0x08000bf4   Section        0  gd32f30x_dac.o(i.dac_deinit)
    i.dac_enable                             0x08000c08   Section        0  gd32f30x_dac.o(i.dac_enable)
    i.dac_gpio_init                          0x08000c2c   Section        0  dac.o(i.dac_gpio_init)
    i.dac_init                               0x08000c50   Section        0  dac.o(i.dac_init)
    i.dac_output_buffer_enable               0x08000c5c   Section        0  gd32f30x_dac.o(i.dac_output_buffer_enable)
    i.dac_output_voltage                     0x08000c80   Section        0  dac.o(i.dac_output_voltage)
    i.dac_trigger_disable                    0x08000d04   Section        0  gd32f30x_dac.o(i.dac_trigger_disable)
    i.dac_wave_mode_config                   0x08000d28   Section        0  gd32f30x_dac.o(i.dac_wave_mode_config)
    i.delay_decrement                        0x08000d5c   Section        0  systick.o(i.delay_decrement)
    i.delay_ms                               0x08000d74   Section        0  systick.o(i.delay_ms)
    i.delay_us                               0x08000dc0   Section        0  systick.o(i.delay_us)
    i.fputc                                  0x08000e0c   Section        0  rs485.o(i.fputc)
    i.gpio_init                              0x08000e30   Section        0  gd32f30x_gpio.o(i.gpio_init)
    i.gpio_input_bit_get                     0x08000eec   Section        0  gd32f30x_gpio.o(i.gpio_input_bit_get)
    i.gpio_pin_remap_config                  0x08000efc   Section        0  gd32f30x_gpio.o(i.gpio_pin_remap_config)
    i.icm20948_init                          0x08000f8c   Section        0  icm20948.o(i.icm20948_init)
    i.icm20948_read_id                       0x08000f9c   Section        0  icm20948.o(i.icm20948_read_id)
    i.iic_delay_us                           0x08000fb8   Section        0  iic.o(i.iic_delay_us)
    i.iic_init                               0x08000fc4   Section        0  iic.o(i.iic_init)
    i.main                                   0x08001060   Section        0  main.o(i.main)
    i.nvic_irq_enable                        0x080010bc   Section        0  gd32f30x_misc.o(i.nvic_irq_enable)
    i.nvic_priority_group_set                0x08001180   Section        0  gd32f30x_misc.o(i.nvic_priority_group_set)
    i.rcu_clock_freq_get                     0x08001194   Section        0  gd32f30x_rcu.o(i.rcu_clock_freq_get)
    i.rcu_periph_clock_enable                0x080012ec   Section        0  gd32f30x_rcu.o(i.rcu_periph_clock_enable)
    i.rcu_periph_reset_disable               0x0800130c   Section        0  gd32f30x_rcu.o(i.rcu_periph_reset_disable)
    i.rcu_periph_reset_enable                0x0800132c   Section        0  gd32f30x_rcu.o(i.rcu_periph_reset_enable)
    i.rdSensorReg8_8                         0x0800134c   Section        0  iic.o(i.rdSensorReg8_8)
    i.rs485_init                             0x080013ec   Section        0  rs485.o(i.rs485_init)
    i.sca3300_init                           0x080014b4   Section        0  sca3300.o(i.sca3300_init)
    i.sca3300_read_register                  0x080014fc   Section        0  sca3300.o(i.sca3300_read_register)
    sca3300_read_register                    0x080014fd   Thumb Code   116  sca3300.o(i.sca3300_read_register)
    i.sca3300_write_register                 0x08001574   Section        0  sca3300.o(i.sca3300_write_register)
    sca3300_write_register                   0x08001575   Thumb Code    76  sca3300.o(i.sca3300_write_register)
    i.sccb_bus_read_byte                     0x080015c4   Section        0  iic.o(i.sccb_bus_read_byte)
    i.sccb_bus_send_noack                    0x0800162e   Section        0  iic.o(i.sccb_bus_send_noack)
    i.sccb_bus_start                         0x0800166a   Section        0  iic.o(i.sccb_bus_start)
    i.sccb_bus_stop                          0x080016a6   Section        0  iic.o(i.sccb_bus_stop)
    i.sccb_bus_write_byte                    0x080016d4   Section        0  iic.o(i.sccb_bus_write_byte)
    i.self_can_init                          0x08001770   Section        0  can.o(i.self_can_init)
    i.spi1_write_read_byte                   0x0800177c   Section        0  spi.o(i.spi1_write_read_byte)
    i.spi_enable                             0x080017cc   Section        0  gd32f30x_spi.o(i.spi_enable)
    i.spi_i2s_data_receive                   0x080017d6   Section        0  gd32f30x_spi.o(i.spi_i2s_data_receive)
    i.spi_i2s_data_transmit                  0x080017de   Section        0  gd32f30x_spi.o(i.spi_i2s_data_transmit)
    i.spi_i2s_flag_get                       0x080017e2   Section        0  gd32f30x_spi.o(i.spi_i2s_flag_get)
    i.spi_init                               0x080017f2   Section        0  gd32f30x_spi.o(i.spi_init)
    i.spi_init_config                        0x08001824   Section        0  spi.o(i.spi_init_config)
    i.system_clock_120m_irc8m                0x080018a4   Section        0  system_gd32f30x.o(i.system_clock_120m_irc8m)
    system_clock_120m_irc8m                  0x080018a5   Thumb Code   236  system_gd32f30x.o(i.system_clock_120m_irc8m)
    i.system_clock_config                    0x080019a0   Section        0  system_gd32f30x.o(i.system_clock_config)
    system_clock_config                      0x080019a1   Thumb Code     8  system_gd32f30x.o(i.system_clock_config)
    i.systick_clksource_set                  0x080019a8   Section        0  gd32f30x_misc.o(i.systick_clksource_set)
    i.systick_config                         0x080019d0   Section        0  systick.o(i.systick_config)
    i.time2_init                             0x08001a14   Section        0  time2.o(i.time2_init)
    i.timer_deinit                           0x08001a70   Section        0  gd32f30x_timer.o(i.timer_deinit)
    i.timer_enable                           0x08001bf4   Section        0  gd32f30x_timer.o(i.timer_enable)
    i.timer_init                             0x08001c00   Section        0  gd32f30x_timer.o(i.timer_init)
    i.timer_interrupt_enable                 0x08001c98   Section        0  gd32f30x_timer.o(i.timer_interrupt_enable)
    i.timer_interrupt_flag_clear             0x08001ca0   Section        0  gd32f30x_timer.o(i.timer_interrupt_flag_clear)
    i.timer_struct_para_init                 0x08001ca6   Section        0  gd32f30x_timer.o(i.timer_struct_para_init)
    i.usart_baudrate_set                     0x08001cbc   Section        0  gd32f30x_usart.o(i.usart_baudrate_set)
    i.usart_data_receive                     0x08001d4c   Section        0  gd32f30x_usart.o(i.usart_data_receive)
    i.usart_data_transmit                    0x08001d56   Section        0  gd32f30x_usart.o(i.usart_data_transmit)
    i.usart_deinit                           0x08001d60   Section        0  gd32f30x_usart.o(i.usart_deinit)
    i.usart_enable                           0x08001df0   Section        0  gd32f30x_usart.o(i.usart_enable)
    i.usart_flag_get                         0x08001dfa   Section        0  gd32f30x_usart.o(i.usart_flag_get)
    i.usart_hardware_flow_cts_config         0x08001e18   Section        0  gd32f30x_usart.o(i.usart_hardware_flow_cts_config)
    i.usart_hardware_flow_rts_config         0x08001e2c   Section        0  gd32f30x_usart.o(i.usart_hardware_flow_rts_config)
    i.usart_interrupt_enable                 0x08001e40   Section        0  gd32f30x_usart.o(i.usart_interrupt_enable)
    i.usart_interrupt_flag_clear             0x08001e5a   Section        0  gd32f30x_usart.o(i.usart_interrupt_flag_clear)
    i.usart_interrupt_flag_get               0x08001e6c   Section        0  gd32f30x_usart.o(i.usart_interrupt_flag_get)
    i.usart_parity_config                    0x08001ea4   Section        0  gd32f30x_usart.o(i.usart_parity_config)
    i.usart_receive_config                   0x08001eb4   Section        0  gd32f30x_usart.o(i.usart_receive_config)
    i.usart_stop_bit_set                     0x08001ec8   Section        0  gd32f30x_usart.o(i.usart_stop_bit_set)
    i.usart_transmit_config                  0x08001ed8   Section        0  gd32f30x_usart.o(i.usart_transmit_config)
    i.usart_word_length_set                  0x08001eec   Section        0  gd32f30x_usart.o(i.usart_word_length_set)
    x$fpl$dcmpinf                            0x08001efc   Section       24  dcmpi.o(x$fpl$dcmpinf)
    $v0                                      0x08001efc   Number         0  dcmpi.o(x$fpl$dcmpinf)
    x$fpl$ddiv                               0x08001f14   Section      688  ddiv.o(x$fpl$ddiv)
    $v0                                      0x08001f14   Number         0  ddiv.o(x$fpl$ddiv)
    ddiv_entry                               0x08001f1b   Thumb Code     0  ddiv.o(x$fpl$ddiv)
    x$fpl$dfixu                              0x080021c4   Section       90  dfixu.o(x$fpl$dfixu)
    $v0                                      0x080021c4   Number         0  dfixu.o(x$fpl$dfixu)
    x$fpl$dleqf                              0x08002220   Section      120  dleqf.o(x$fpl$dleqf)
    $v0                                      0x08002220   Number         0  dleqf.o(x$fpl$dleqf)
    x$fpl$dmul                               0x08002298   Section      340  dmul.o(x$fpl$dmul)
    $v0                                      0x08002298   Number         0  dmul.o(x$fpl$dmul)
    x$fpl$dnaninf                            0x080023ec   Section      156  dnaninf.o(x$fpl$dnaninf)
    $v0                                      0x080023ec   Number         0  dnaninf.o(x$fpl$dnaninf)
    x$fpl$dretinf                            0x08002488   Section       12  dretinf.o(x$fpl$dretinf)
    $v0                                      0x08002488   Number         0  dretinf.o(x$fpl$dretinf)
    x$fpl$drleqf                             0x08002494   Section      108  drleqf.o(x$fpl$drleqf)
    $v0                                      0x08002494   Number         0  drleqf.o(x$fpl$drleqf)
    x$fpl$f2d                                0x08002500   Section       86  f2d.o(x$fpl$f2d)
    $v0                                      0x08002500   Number         0  f2d.o(x$fpl$f2d)
    x$fpl$fnaninf                            0x08002556   Section      140  fnaninf.o(x$fpl$fnaninf)
    $v0                                      0x08002556   Number         0  fnaninf.o(x$fpl$fnaninf)
    x$fpl$fpinit                             0x080025e2   Section       10  fpinit.o(x$fpl$fpinit)
    $v0                                      0x080025e2   Number         0  fpinit.o(x$fpl$fpinit)
    .constdata                               0x080025ec   Section       40  _printf_hex_int.o(.constdata)
    x$fpl$usenofp                            0x080025ec   Section        0  usenofp.o(x$fpl$usenofp)
    uc_hextab                                0x080025ec   Data          20  _printf_hex_int.o(.constdata)
    lc_hextab                                0x08002600   Data          20  _printf_hex_int.o(.constdata)
    .constdata                               0x08002614   Section       17  __printf_flags.o(.constdata)
    maptable                                 0x08002614   Data          17  __printf_flags.o(.constdata)
    .data                                    0x20000000   Section        4  system_gd32f30x.o(.data)
    .data                                    0x20000004   Section        8  rs485.o(.data)
    .data                                    0x2000000c   Section        2  time2.o(.data)
    .data                                    0x20000010   Section        8  systick.o(.data)
    delay                                    0x20000010   Data           4  systick.o(.data)
    fac_us                                   0x20000014   Data           1  systick.o(.data)
    fac_ms                                   0x20000016   Data           2  systick.o(.data)
    .bss                                     0x20000018   Section      100  rs485.o(.bss)
    .bss                                     0x2000007c   Section       24  iic.o(.bss)
    .bss                                     0x20000094   Section       96  libspace.o(.bss)
    HEAP                                     0x200000f8   Section     1024  startup_gd32f30x_xd.o(HEAP)
    Heap_Mem                                 0x200000f8   Data        1024  startup_gd32f30x_xd.o(HEAP)
    STACK                                    0x200004f8   Section     1024  startup_gd32f30x_xd.o(STACK)
    Stack_Mem                                0x200004f8   Data        1024  startup_gd32f30x_xd.o(STACK)
    __initial_sp                             0x200008f8   Data           0  startup_gd32f30x_xd.o(STACK)

    Global Symbols

    Symbol Name                              Value     Ov Type        Size  Object(Section)

    BuildAttributes$$THM_ISAv4$E$P$D$K$B$S$7EM$VFPi3$EXTD16$VFPS$VFMA$PE$A:L22UL41UL21$X:L11$S22US41US21$IEEE1$IW$USESV6$~STKCKD$USESV7$~SHL$OTIME$ROPI$IEEEX$EBA8$UX$STANDARDLIB$REQ8$PRES8$EABIv2 0x00000000   Number         0  anon$$obj.o ABSOLUTE
    __ARM_use_no_argv                        0x00000000   Number         0  main.o ABSOLUTE
    _printf_flags                            0x00000000   Number         0  printf_stubs.o ABSOLUTE
    _printf_return_value                     0x00000000   Number         0  printf_stubs.o ABSOLUTE
    _printf_sizespec                         0x00000000   Number         0  printf_stubs.o ABSOLUTE
    _printf_widthprec                        0x00000000   Number         0  printf_stubs.o ABSOLUTE
    __ARM_exceptions_init                     - Undefined Weak Reference
    __alloca_initialize                       - Undefined Weak Reference
    __arm_preinit_                            - Undefined Weak Reference
    __cpp_initialize__aeabi_                  - Undefined Weak Reference
    __cxa_finalize                            - Undefined Weak Reference
    __rt_locale                               - Undefined Weak Reference
    __sigvec_lookup                           - Undefined Weak Reference
    _atexit_init                              - Undefined Weak Reference
    _call_atexit_fns                          - Undefined Weak Reference
    _clock_init                               - Undefined Weak Reference
    _fp_trap_init                             - Undefined Weak Reference
    _fp_trap_shutdown                         - Undefined Weak Reference
    _get_lc_collate                           - Undefined Weak Reference
    _get_lc_ctype                             - Undefined Weak Reference
    _get_lc_monetary                          - Undefined Weak Reference
    _get_lc_numeric                           - Undefined Weak Reference
    _get_lc_time                              - Undefined Weak Reference
    _getenv_init                              - Undefined Weak Reference
    _handle_redirection                       - Undefined Weak Reference
    _init_alloc                               - Undefined Weak Reference
    _init_user_alloc                          - Undefined Weak Reference
    _initio                                   - Undefined Weak Reference
    _mutex_acquire                            - Undefined Weak Reference
    _mutex_release                            - Undefined Weak Reference
    _printf_post_padding                      - Undefined Weak Reference
    _printf_pre_padding                       - Undefined Weak Reference
    _printf_truncate_unsigned                 - Undefined Weak Reference
    _rand_init                                - Undefined Weak Reference
    _signal_finish                            - Undefined Weak Reference
    _signal_init                              - Undefined Weak Reference
    _terminate_alloc                          - Undefined Weak Reference
    _terminate_user_alloc                     - Undefined Weak Reference
    _terminateio                              - Undefined Weak Reference
    __Vectors_Size                           0x00000130   Number         0  startup_gd32f30x_xd.o ABSOLUTE
    __Vectors                                0x08000000   Data           4  startup_gd32f30x_xd.o(RESET)
    __Vectors_End                            0x08000130   Data           0  startup_gd32f30x_xd.o(RESET)
    __main                                   0x08000131   Thumb Code     8  __main.o(!!!main)
    __scatterload                            0x08000139   Thumb Code     0  __scatter.o(!!!scatter)
    __scatterload_rt2                        0x08000139   Thumb Code    44  __scatter.o(!!!scatter)
    __scatterload_rt2_thumb_only             0x08000139   Thumb Code     0  __scatter.o(!!!scatter)
    __scatterload_null                       0x08000147   Thumb Code     0  __scatter.o(!!!scatter)
    __scatterload_copy                       0x0800016d   Thumb Code    26  __scatter_copy.o(!!handler_copy)
    __scatterload_zeroinit                   0x08000189   Thumb Code    28  __scatter_zi.o(!!handler_zi)
    _printf_percent                          0x080001a5   Thumb Code     0  _printf_percent.o(.ARM.Collect$$_printf_percent$$00000000)
    _printf_x                                0x080001a5   Thumb Code     0  _printf_x.o(.ARM.Collect$$_printf_percent$$0000000C)
    _printf_percent_end                      0x080001ab   Thumb Code     0  _printf_percent_end.o(.ARM.Collect$$_printf_percent$$00000017)
    __rt_lib_init                            0x080001af   Thumb Code     0  libinit.o(.ARM.Collect$$libinit$$00000000)
    __rt_lib_init_fp_1                       0x080001b1   Thumb Code     0  libinit2.o(.ARM.Collect$$libinit$$00000001)
    __rt_lib_init_alloca_1                   0x080001b5   Thumb Code     0  libinit2.o(.ARM.Collect$$libinit$$0000002E)
    __rt_lib_init_argv_1                     0x080001b5   Thumb Code     0  libinit2.o(.ARM.Collect$$libinit$$0000002C)
    __rt_lib_init_atexit_1                   0x080001b5   Thumb Code     0  libinit2.o(.ARM.Collect$$libinit$$0000001B)
    __rt_lib_init_clock_1                    0x080001b5   Thumb Code     0  libinit2.o(.ARM.Collect$$libinit$$00000021)
    __rt_lib_init_cpp_1                      0x080001b5   Thumb Code     0  libinit2.o(.ARM.Collect$$libinit$$00000032)
    __rt_lib_init_exceptions_1               0x080001b5   Thumb Code     0  libinit2.o(.ARM.Collect$$libinit$$00000030)
    __rt_lib_init_fp_trap_1                  0x080001b5   Thumb Code     0  libinit2.o(.ARM.Collect$$libinit$$0000001F)
    __rt_lib_init_getenv_1                   0x080001b5   Thumb Code     0  libinit2.o(.ARM.Collect$$libinit$$00000023)
    __rt_lib_init_heap_1                     0x080001b5   Thumb Code     0  libinit2.o(.ARM.Collect$$libinit$$0000000A)
    __rt_lib_init_lc_collate_1               0x080001b5   Thumb Code     0  libinit2.o(.ARM.Collect$$libinit$$00000011)
    __rt_lib_init_lc_ctype_1                 0x080001b5   Thumb Code     0  libinit2.o(.ARM.Collect$$libinit$$00000013)
    __rt_lib_init_lc_monetary_1              0x080001b5   Thumb Code     0  libinit2.o(.ARM.Collect$$libinit$$00000015)
    __rt_lib_init_lc_numeric_1               0x080001b5   Thumb Code     0  libinit2.o(.ARM.Collect$$libinit$$00000017)
    __rt_lib_init_lc_time_1                  0x080001b5   Thumb Code     0  libinit2.o(.ARM.Collect$$libinit$$00000019)
    __rt_lib_init_preinit_1                  0x080001b5   Thumb Code     0  libinit2.o(.ARM.Collect$$libinit$$00000004)
    __rt_lib_init_rand_1                     0x080001b5   Thumb Code     0  libinit2.o(.ARM.Collect$$libinit$$0000000E)
    __rt_lib_init_return                     0x080001b5   Thumb Code     0  libinit2.o(.ARM.Collect$$libinit$$00000033)
    __rt_lib_init_signal_1                   0x080001b5   Thumb Code     0  libinit2.o(.ARM.Collect$$libinit$$0000001D)
    __rt_lib_init_stdio_1                    0x080001b5   Thumb Code     0  libinit2.o(.ARM.Collect$$libinit$$00000025)
    __rt_lib_init_user_alloc_1               0x080001b5   Thumb Code     0  libinit2.o(.ARM.Collect$$libinit$$0000000C)
    __rt_lib_shutdown                        0x080001b7   Thumb Code     0  libshutdown.o(.ARM.Collect$$libshutdown$$00000000)
    __rt_lib_shutdown_cpp_1                  0x080001b9   Thumb Code     0  libshutdown2.o(.ARM.Collect$$libshutdown$$00000002)
    __rt_lib_shutdown_fp_trap_1              0x080001b9   Thumb Code     0  libshutdown2.o(.ARM.Collect$$libshutdown$$00000007)
    __rt_lib_shutdown_heap_1                 0x080001b9   Thumb Code     0  libshutdown2.o(.ARM.Collect$$libshutdown$$0000000F)
    __rt_lib_shutdown_return                 0x080001b9   Thumb Code     0  libshutdown2.o(.ARM.Collect$$libshutdown$$00000010)
    __rt_lib_shutdown_signal_1               0x080001b9   Thumb Code     0  libshutdown2.o(.ARM.Collect$$libshutdown$$0000000A)
    __rt_lib_shutdown_stdio_1                0x080001b9   Thumb Code     0  libshutdown2.o(.ARM.Collect$$libshutdown$$00000004)
    __rt_lib_shutdown_user_alloc_1           0x080001b9   Thumb Code     0  libshutdown2.o(.ARM.Collect$$libshutdown$$0000000C)
    __rt_entry                               0x080001bb   Thumb Code     0  __rtentry.o(.ARM.Collect$$rtentry$$00000000)
    __rt_entry_presh_1                       0x080001bb   Thumb Code     0  __rtentry2.o(.ARM.Collect$$rtentry$$00000002)
    __rt_entry_sh                            0x080001bb   Thumb Code     0  __rtentry4.o(.ARM.Collect$$rtentry$$00000004)
    __rt_entry_li                            0x080001c1   Thumb Code     0  __rtentry2.o(.ARM.Collect$$rtentry$$0000000A)
    __rt_entry_postsh_1                      0x080001c1   Thumb Code     0  __rtentry2.o(.ARM.Collect$$rtentry$$00000009)
    __rt_entry_main                          0x080001c5   Thumb Code     0  __rtentry2.o(.ARM.Collect$$rtentry$$0000000D)
    __rt_entry_postli_1                      0x080001c5   Thumb Code     0  __rtentry2.o(.ARM.Collect$$rtentry$$0000000C)
    __rt_exit                                0x080001cd   Thumb Code     0  rtexit.o(.ARM.Collect$$rtexit$$00000000)
    __rt_exit_ls                             0x080001cf   Thumb Code     0  rtexit2.o(.ARM.Collect$$rtexit$$00000003)
    __rt_exit_prels_1                        0x080001cf   Thumb Code     0  rtexit2.o(.ARM.Collect$$rtexit$$00000002)
    __rt_exit_exit                           0x080001d3   Thumb Code     0  rtexit2.o(.ARM.Collect$$rtexit$$00000004)
    Reset_Handler                            0x080001d9   Thumb Code     8  startup_gd32f30x_xd.o(.text)
    ADC0_1_IRQHandler                        0x080001f3   Thumb Code     0  startup_gd32f30x_xd.o(.text)
    ADC2_IRQHandler                          0x080001f3   Thumb Code     0  startup_gd32f30x_xd.o(.text)
    CAN0_EWMC_IRQHandler                     0x080001f3   Thumb Code     0  startup_gd32f30x_xd.o(.text)
    DMA0_Channel0_IRQHandler                 0x080001f3   Thumb Code     0  startup_gd32f30x_xd.o(.text)
    DMA0_Channel1_IRQHandler                 0x080001f3   Thumb Code     0  startup_gd32f30x_xd.o(.text)
    DMA0_Channel2_IRQHandler                 0x080001f3   Thumb Code     0  startup_gd32f30x_xd.o(.text)
    DMA0_Channel3_IRQHandler                 0x080001f3   Thumb Code     0  startup_gd32f30x_xd.o(.text)
    DMA0_Channel4_IRQHandler                 0x080001f3   Thumb Code     0  startup_gd32f30x_xd.o(.text)
    DMA0_Channel5_IRQHandler                 0x080001f3   Thumb Code     0  startup_gd32f30x_xd.o(.text)
    DMA0_Channel6_IRQHandler                 0x080001f3   Thumb Code     0  startup_gd32f30x_xd.o(.text)
    DMA1_Channel0_IRQHandler                 0x080001f3   Thumb Code     0  startup_gd32f30x_xd.o(.text)
    DMA1_Channel1_IRQHandler                 0x080001f3   Thumb Code     0  startup_gd32f30x_xd.o(.text)
    DMA1_Channel2_IRQHandler                 0x080001f3   Thumb Code     0  startup_gd32f30x_xd.o(.text)
    DMA1_Channel3_4_IRQHandler               0x080001f3   Thumb Code     0  startup_gd32f30x_xd.o(.text)
    EXMC_IRQHandler                          0x080001f3   Thumb Code     0  startup_gd32f30x_xd.o(.text)
    EXTI0_IRQHandler                         0x080001f3   Thumb Code     0  startup_gd32f30x_xd.o(.text)
    EXTI10_15_IRQHandler                     0x080001f3   Thumb Code     0  startup_gd32f30x_xd.o(.text)
    EXTI1_IRQHandler                         0x080001f3   Thumb Code     0  startup_gd32f30x_xd.o(.text)
    EXTI2_IRQHandler                         0x080001f3   Thumb Code     0  startup_gd32f30x_xd.o(.text)
    EXTI3_IRQHandler                         0x080001f3   Thumb Code     0  startup_gd32f30x_xd.o(.text)
    EXTI4_IRQHandler                         0x080001f3   Thumb Code     0  startup_gd32f30x_xd.o(.text)
    EXTI5_9_IRQHandler                       0x080001f3   Thumb Code     0  startup_gd32f30x_xd.o(.text)
    FMC_IRQHandler                           0x080001f3   Thumb Code     0  startup_gd32f30x_xd.o(.text)
    I2C0_ER_IRQHandler                       0x080001f3   Thumb Code     0  startup_gd32f30x_xd.o(.text)
    I2C0_EV_IRQHandler                       0x080001f3   Thumb Code     0  startup_gd32f30x_xd.o(.text)
    I2C1_ER_IRQHandler                       0x080001f3   Thumb Code     0  startup_gd32f30x_xd.o(.text)
    I2C1_EV_IRQHandler                       0x080001f3   Thumb Code     0  startup_gd32f30x_xd.o(.text)
    LVD_IRQHandler                           0x080001f3   Thumb Code     0  startup_gd32f30x_xd.o(.text)
    RCU_CTC_IRQHandler                       0x080001f3   Thumb Code     0  startup_gd32f30x_xd.o(.text)
    RTC_Alarm_IRQHandler                     0x080001f3   Thumb Code     0  startup_gd32f30x_xd.o(.text)
    RTC_IRQHandler                           0x080001f3   Thumb Code     0  startup_gd32f30x_xd.o(.text)
    SDIO_IRQHandler                          0x080001f3   Thumb Code     0  startup_gd32f30x_xd.o(.text)
    SPI0_IRQHandler                          0x080001f3   Thumb Code     0  startup_gd32f30x_xd.o(.text)
    SPI1_IRQHandler                          0x080001f3   Thumb Code     0  startup_gd32f30x_xd.o(.text)
    SPI2_IRQHandler                          0x080001f3   Thumb Code     0  startup_gd32f30x_xd.o(.text)
    TAMPER_IRQHandler                        0x080001f3   Thumb Code     0  startup_gd32f30x_xd.o(.text)
    TIMER0_BRK_TIMER8_IRQHandler             0x080001f3   Thumb Code     0  startup_gd32f30x_xd.o(.text)
    TIMER0_Channel_IRQHandler                0x080001f3   Thumb Code     0  startup_gd32f30x_xd.o(.text)
    TIMER0_TRG_CMT_TIMER10_IRQHandler        0x080001f3   Thumb Code     0  startup_gd32f30x_xd.o(.text)
    TIMER0_UP_TIMER9_IRQHandler              0x080001f3   Thumb Code     0  startup_gd32f30x_xd.o(.text)
    TIMER1_IRQHandler                        0x080001f3   Thumb Code     0  startup_gd32f30x_xd.o(.text)
    TIMER3_IRQHandler                        0x080001f3   Thumb Code     0  startup_gd32f30x_xd.o(.text)
    TIMER4_IRQHandler                        0x080001f3   Thumb Code     0  startup_gd32f30x_xd.o(.text)
    TIMER5_IRQHandler                        0x080001f3   Thumb Code     0  startup_gd32f30x_xd.o(.text)
    TIMER6_IRQHandler                        0x080001f3   Thumb Code     0  startup_gd32f30x_xd.o(.text)
    TIMER7_BRK_TIMER11_IRQHandler            0x080001f3   Thumb Code     0  startup_gd32f30x_xd.o(.text)
    TIMER7_Channel_IRQHandler                0x080001f3   Thumb Code     0  startup_gd32f30x_xd.o(.text)
    TIMER7_TRG_CMT_TIMER13_IRQHandler        0x080001f3   Thumb Code     0  startup_gd32f30x_xd.o(.text)
    TIMER7_UP_TIMER12_IRQHandler             0x080001f3   Thumb Code     0  startup_gd32f30x_xd.o(.text)
    UART3_IRQHandler                         0x080001f3   Thumb Code     0  startup_gd32f30x_xd.o(.text)
    UART4_IRQHandler                         0x080001f3   Thumb Code     0  startup_gd32f30x_xd.o(.text)
    USART1_IRQHandler                        0x080001f3   Thumb Code     0  startup_gd32f30x_xd.o(.text)
    USART2_IRQHandler                        0x080001f3   Thumb Code     0  startup_gd32f30x_xd.o(.text)
    USBD_HP_CAN0_TX_IRQHandler               0x080001f3   Thumb Code     0  startup_gd32f30x_xd.o(.text)
    USBD_LP_CAN0_RX0_IRQHandler              0x080001f3   Thumb Code     0  startup_gd32f30x_xd.o(.text)
    USBD_WKUP_IRQHandler                     0x080001f3   Thumb Code     0  startup_gd32f30x_xd.o(.text)
    WWDGT_IRQHandler                         0x080001f3   Thumb Code     0  startup_gd32f30x_xd.o(.text)
    __user_initial_stackheap                 0x080001f5   Thumb Code    10  startup_gd32f30x_xd.o(.text)
    __use_no_semihosting                     0x08000219   Thumb Code     2  use_no_semi_2.o(.text)
    __2printf                                0x0800021d   Thumb Code    20  noretval__2printf.o(.text)
    _printf_int_hex                          0x08000235   Thumb Code    84  _printf_hex_int.o(.text)
    _printf_longlong_hex                     0x08000235   Thumb Code     0  _printf_hex_int.o(.text)
    __printf                                 0x0800028d   Thumb Code   144  __printf_flags.o(.text)
    __aeabi_memclr4                          0x08000321   Thumb Code     0  rt_memclr_w.o(.text)
    __aeabi_memclr8                          0x08000321   Thumb Code     0  rt_memclr_w.o(.text)
    __rt_memclr_w                            0x08000321   Thumb Code    78  rt_memclr_w.o(.text)
    _memset_w                                0x08000325   Thumb Code     0  rt_memclr_w.o(.text)
    __use_two_region_memory                  0x0800036f   Thumb Code     2  heapauxi.o(.text)
    __rt_heap_escrow$2region                 0x08000371   Thumb Code     2  heapauxi.o(.text)
    __rt_heap_expand$2region                 0x08000373   Thumb Code     2  heapauxi.o(.text)
    __I$use$semihosting                      0x08000375   Thumb Code     0  use_no_semi.o(.text)
    __use_no_semihosting_swi                 0x08000375   Thumb Code     2  use_no_semi.o(.text)
    _printf_int_common                       0x08000377   Thumb Code   178  _printf_intcommon.o(.text)
    _printf_char_file                        0x08000429   Thumb Code    32  _printf_char_file.o(.text)
    _printf_char_common                      0x08000457   Thumb Code    32  _printf_char_common.o(.text)
    ferror                                   0x0800047d   Thumb Code     8  ferror.o(.text)
    __user_libspace                          0x08000485   Thumb Code     8  libspace.o(.text)
    __user_perproc_libspace                  0x08000485   Thumb Code     0  libspace.o(.text)
    __user_perthread_libspace                0x08000485   Thumb Code     0  libspace.o(.text)
    __user_setup_stackheap                   0x0800048d   Thumb Code    74  sys_stackheap_outer.o(.text)
    exit                                     0x080004d7   Thumb Code    18  exit.o(.text)
    BusFault_Handler                         0x080004e9   Thumb Code     4  gd32f30x_it.o(i.BusFault_Handler)
    CAN0_RX1_IRQHandler                      0x080004ed   Thumb Code    26  can.o(i.CAN0_RX1_IRQHandler)
    DebugMon_Handler                         0x0800055b   Thumb Code     2  gd32f30x_it.o(i.DebugMon_Handler)
    HardFault_Handler                        0x0800055d   Thumb Code     4  gd32f30x_it.o(i.HardFault_Handler)
    MemManage_Handler                        0x08000561   Thumb Code     4  gd32f30x_it.o(i.MemManage_Handler)
    NMI_Handler                              0x08000565   Thumb Code     2  gd32f30x_it.o(i.NMI_Handler)
    PendSV_Handler                           0x08000567   Thumb Code     2  gd32f30x_it.o(i.PendSV_Handler)
    SVC_Handler                              0x08000569   Thumb Code     2  gd32f30x_it.o(i.SVC_Handler)
    SysTick_Handler                          0x0800056b   Thumb Code     8  gd32f30x_it.o(i.SysTick_Handler)
    SystemInit                               0x08000575   Thumb Code   156  system_gd32f30x.o(i.SystemInit)
    TIMER2_IRQHandler                        0x0800061d   Thumb Code    42  time2.o(i.TIMER2_IRQHandler)
    USART0_IRQHandler                        0x08000655   Thumb Code   122  rs485.o(i.USART0_IRQHandler)
    UsageFault_Handler                       0x080006e9   Thumb Code     4  gd32f30x_it.o(i.UsageFault_Handler)
    _sys_exit                                0x080006ed   Thumb Code     4  rs485.o(i._sys_exit)
    can_config_init                          0x080006f1   Thumb Code    88  can.o(i.can_config_init)
    can_deinit                               0x0800074d   Thumb Code    28  gd32f30x_can.o(i.can_deinit)
    can_filter_init                          0x0800076d   Thumb Code   262  gd32f30x_can.o(i.can_filter_init)
    can_gpio_init                            0x0800087d   Thumb Code    56  can.o(i.can_gpio_init)
    can_init                                 0x080008b9   Thumb Code   290  gd32f30x_can.o(i.can_init)
    can_interrupt_enable                     0x080009db   Thumb Code     8  gd32f30x_can.o(i.can_interrupt_enable)
    can_message_receive                      0x080009e3   Thumb Code   228  gd32f30x_can.o(i.can_message_receive)
    can_struct_para_init                     0x08000ac7   Thumb Code   164  gd32f30x_can.o(i.can_struct_para_init)
    dac_config_init                          0x08000b6b   Thumb Code    50  dac.o(i.dac_config_init)
    dac_data_set                             0x08000b9d   Thumb Code    82  gd32f30x_dac.o(i.dac_data_set)
    dac_deinit                               0x08000bf5   Thumb Code    20  gd32f30x_dac.o(i.dac_deinit)
    dac_enable                               0x08000c09   Thumb Code    30  gd32f30x_dac.o(i.dac_enable)
    dac_gpio_init                            0x08000c2d   Thumb Code    32  dac.o(i.dac_gpio_init)
    dac_init                                 0x08000c51   Thumb Code    12  dac.o(i.dac_init)
    dac_output_buffer_enable                 0x08000c5d   Thumb Code    30  gd32f30x_dac.o(i.dac_output_buffer_enable)
    dac_output_voltage                       0x08000c81   Thumb Code   110  dac.o(i.dac_output_voltage)
    dac_trigger_disable                      0x08000d05   Thumb Code    30  gd32f30x_dac.o(i.dac_trigger_disable)
    dac_wave_mode_config                     0x08000d29   Thumb Code    48  gd32f30x_dac.o(i.dac_wave_mode_config)
    delay_decrement                          0x08000d5d   Thumb Code    18  systick.o(i.delay_decrement)
    delay_ms                                 0x08000d75   Thumb Code    72  systick.o(i.delay_ms)
    delay_us                                 0x08000dc1   Thumb Code    72  systick.o(i.delay_us)
    fputc                                    0x08000e0d   Thumb Code    32  rs485.o(i.fputc)
    gpio_init                                0x08000e31   Thumb Code   188  gd32f30x_gpio.o(i.gpio_init)
    gpio_input_bit_get                       0x08000eed   Thumb Code    16  gd32f30x_gpio.o(i.gpio_input_bit_get)
    gpio_pin_remap_config                    0x08000efd   Thumb Code   138  gd32f30x_gpio.o(i.gpio_pin_remap_config)
    icm20948_init                            0x08000f8d   Thumb Code    16  icm20948.o(i.icm20948_init)
    icm20948_read_id                         0x08000f9d   Thumb Code    24  icm20948.o(i.icm20948_read_id)
    iic_delay_us                             0x08000fb9   Thumb Code    12  iic.o(i.iic_delay_us)
    iic_init                                 0x08000fc5   Thumb Code   140  iic.o(i.iic_init)
    main                                     0x08001061   Thumb Code    62  main.o(i.main)
    nvic_irq_enable                          0x080010bd   Thumb Code   186  gd32f30x_misc.o(i.nvic_irq_enable)
    nvic_priority_group_set                  0x08001181   Thumb Code    10  gd32f30x_misc.o(i.nvic_priority_group_set)
    rcu_clock_freq_get                       0x08001195   Thumb Code   310  gd32f30x_rcu.o(i.rcu_clock_freq_get)
    rcu_periph_clock_enable                  0x080012ed   Thumb Code    28  gd32f30x_rcu.o(i.rcu_periph_clock_enable)
    rcu_periph_reset_disable                 0x0800130d   Thumb Code    28  gd32f30x_rcu.o(i.rcu_periph_reset_disable)
    rcu_periph_reset_enable                  0x0800132d   Thumb Code    28  gd32f30x_rcu.o(i.rcu_periph_reset_enable)
    rdSensorReg8_8                           0x0800134d   Thumb Code   158  iic.o(i.rdSensorReg8_8)
    rs485_init                               0x080013ed   Thumb Code   192  rs485.o(i.rs485_init)
    sca3300_init                             0x080014b5   Thumb Code    58  sca3300.o(i.sca3300_init)
    sccb_bus_read_byte                       0x080015c5   Thumb Code   106  iic.o(i.sccb_bus_read_byte)
    sccb_bus_send_noack                      0x0800162f   Thumb Code    60  iic.o(i.sccb_bus_send_noack)
    sccb_bus_start                           0x0800166b   Thumb Code    60  iic.o(i.sccb_bus_start)
    sccb_bus_stop                            0x080016a7   Thumb Code    46  iic.o(i.sccb_bus_stop)
    sccb_bus_write_byte                      0x080016d5   Thumb Code   156  iic.o(i.sccb_bus_write_byte)
    self_can_init                            0x08001771   Thumb Code    12  can.o(i.self_can_init)
    spi1_write_read_byte                     0x0800177d   Thumb Code    76  spi.o(i.spi1_write_read_byte)
    spi_enable                               0x080017cd   Thumb Code    10  gd32f30x_spi.o(i.spi_enable)
    spi_i2s_data_receive                     0x080017d7   Thumb Code     8  gd32f30x_spi.o(i.spi_i2s_data_receive)
    spi_i2s_data_transmit                    0x080017df   Thumb Code     4  gd32f30x_spi.o(i.spi_i2s_data_transmit)
    spi_i2s_flag_get                         0x080017e3   Thumb Code    16  gd32f30x_spi.o(i.spi_i2s_flag_get)
    spi_init                                 0x080017f3   Thumb Code    50  gd32f30x_spi.o(i.spi_init)
    spi_init_config                          0x08001825   Thumb Code   120  spi.o(i.spi_init_config)
    systick_clksource_set                    0x080019a9   Thumb Code    40  gd32f30x_misc.o(i.systick_clksource_set)
    systick_config                           0x080019d1   Thumb Code    50  systick.o(i.systick_config)
    time2_init                               0x08001a15   Thumb Code    86  time2.o(i.time2_init)
    timer_deinit                             0x08001a71   Thumb Code   374  gd32f30x_timer.o(i.timer_deinit)
    timer_enable                             0x08001bf5   Thumb Code    10  gd32f30x_timer.o(i.timer_enable)
    timer_init                               0x08001c01   Thumb Code   122  gd32f30x_timer.o(i.timer_init)
    timer_interrupt_enable                   0x08001c99   Thumb Code     8  gd32f30x_timer.o(i.timer_interrupt_enable)
    timer_interrupt_flag_clear               0x08001ca1   Thumb Code     6  gd32f30x_timer.o(i.timer_interrupt_flag_clear)
    timer_struct_para_init                   0x08001ca7   Thumb Code    22  gd32f30x_timer.o(i.timer_struct_para_init)
    usart_baudrate_set                       0x08001cbd   Thumb Code   136  gd32f30x_usart.o(i.usart_baudrate_set)
    usart_data_receive                       0x08001d4d   Thumb Code    10  gd32f30x_usart.o(i.usart_data_receive)
    usart_data_transmit                      0x08001d57   Thumb Code     8  gd32f30x_usart.o(i.usart_data_transmit)
    usart_deinit                             0x08001d61   Thumb Code   136  gd32f30x_usart.o(i.usart_deinit)
    usart_enable                             0x08001df1   Thumb Code    10  gd32f30x_usart.o(i.usart_enable)
    usart_flag_get                           0x08001dfb   Thumb Code    30  gd32f30x_usart.o(i.usart_flag_get)
    usart_hardware_flow_cts_config           0x08001e19   Thumb Code    20  gd32f30x_usart.o(i.usart_hardware_flow_cts_config)
    usart_hardware_flow_rts_config           0x08001e2d   Thumb Code    20  gd32f30x_usart.o(i.usart_hardware_flow_rts_config)
    usart_interrupt_enable                   0x08001e41   Thumb Code    26  gd32f30x_usart.o(i.usart_interrupt_enable)
    usart_interrupt_flag_clear               0x08001e5b   Thumb Code    18  gd32f30x_usart.o(i.usart_interrupt_flag_clear)
    usart_interrupt_flag_get                 0x08001e6d   Thumb Code    56  gd32f30x_usart.o(i.usart_interrupt_flag_get)
    usart_parity_config                      0x08001ea5   Thumb Code    16  gd32f30x_usart.o(i.usart_parity_config)
    usart_receive_config                     0x08001eb5   Thumb Code    20  gd32f30x_usart.o(i.usart_receive_config)
    usart_stop_bit_set                       0x08001ec9   Thumb Code    16  gd32f30x_usart.o(i.usart_stop_bit_set)
    usart_transmit_config                    0x08001ed9   Thumb Code    20  gd32f30x_usart.o(i.usart_transmit_config)
    usart_word_length_set                    0x08001eed   Thumb Code    16  gd32f30x_usart.o(i.usart_word_length_set)
    __fpl_dcmp_Inf                           0x08001efd   Thumb Code    24  dcmpi.o(x$fpl$dcmpinf)
    __aeabi_ddiv                             0x08001f15   Thumb Code     0  ddiv.o(x$fpl$ddiv)
    _ddiv                                    0x08001f15   Thumb Code   552  ddiv.o(x$fpl$ddiv)
    __aeabi_d2uiz                            0x080021c5   Thumb Code     0  dfixu.o(x$fpl$dfixu)
    _dfixu                                   0x080021c5   Thumb Code    90  dfixu.o(x$fpl$dfixu)
    __aeabi_cdcmple                          0x08002221   Thumb Code     0  dleqf.o(x$fpl$dleqf)
    _dcmple                                  0x08002221   Thumb Code   120  dleqf.o(x$fpl$dleqf)
    __fpl_dcmple_InfNaN                      0x08002283   Thumb Code     0  dleqf.o(x$fpl$dleqf)
    __aeabi_dmul                             0x08002299   Thumb Code     0  dmul.o(x$fpl$dmul)
    _dmul                                    0x08002299   Thumb Code   332  dmul.o(x$fpl$dmul)
    __fpl_dnaninf                            0x080023ed   Thumb Code   156  dnaninf.o(x$fpl$dnaninf)
    __fpl_dretinf                            0x08002489   Thumb Code    12  dretinf.o(x$fpl$dretinf)
    __aeabi_cdrcmple                         0x08002495   Thumb Code     0  drleqf.o(x$fpl$drleqf)
    _drcmple                                 0x08002495   Thumb Code   108  drleqf.o(x$fpl$drleqf)
    __aeabi_f2d                              0x08002501   Thumb Code     0  f2d.o(x$fpl$f2d)
    _f2d                                     0x08002501   Thumb Code    86  f2d.o(x$fpl$f2d)
    __fpl_fnaninf                            0x08002557   Thumb Code   140  fnaninf.o(x$fpl$fnaninf)
    _fp_init                                 0x080025e3   Thumb Code    10  fpinit.o(x$fpl$fpinit)
    __fplib_config_fpu_vfp                   0x080025eb   Thumb Code     0  fpinit.o(x$fpl$fpinit)
    __fplib_config_pureend_doubles           0x080025eb   Thumb Code     0  fpinit.o(x$fpl$fpinit)
    __I$use$fp                               0x080025ec   Number         0  usenofp.o(x$fpl$usenofp)
    Region$$Table$$Base                      0x08002628   Number         0  anon$$obj.o(Region$$Table)
    Region$$Table$$Limit                     0x08002648   Number         0  anon$$obj.o(Region$$Table)
    SystemCoreClock                          0x20000000   Data           4  system_gd32f30x.o(.data)
    rxcount                                  0x20000004   Data           1  rs485.o(.data)
    sendFlag                                 0x20000005   Data           1  rs485.o(.data)
    __stdout                                 0x20000008   Data           4  rs485.o(.data)
    time2Count                               0x2000000c   Data           1  time2.o(.data)
    time2ProFlag                             0x2000000d   Data           1  time2.o(.data)
    rxbuffer                                 0x20000018   Data         100  rs485.o(.bss)
    iic0                                     0x2000007c   Data          12  iic.o(.bss)
    iic1                                     0x20000088   Data          12  iic.o(.bss)
    __libspace_start                         0x20000094   Data          96  libspace.o(.bss)
    __temporary_stack_top$libspace           0x200000f4   Data           0  libspace.o(.bss)



==============================================================================

Memory Map of the image

  Image Entry point : 0x08000131

  Load Region LR_IROM1 (Base: 0x08000000, Size: 0x00002660, Max: 0x00100000, ABSOLUTE)

    Execution Region ER_IROM1 (Exec base: 0x08000000, Load base: 0x08000000, Size: 0x00002648, Max: 0x00100000, ABSOLUTE)

    Exec Addr    Load Addr    Size         Type   Attr      Idx    E Section Name        Object

    0x08000000   0x08000000   0x00000130   Data   RO            3    RESET               startup_gd32f30x_xd.o
    0x08000130   0x08000130   0x00000008   Code   RO         4772  * !!!main             c_w.l(__main.o)
    0x08000138   0x08000138   0x00000034   Code   RO         5046    !!!scatter          c_w.l(__scatter.o)
    0x0800016c   0x0800016c   0x0000001a   Code   RO         5048    !!handler_copy      c_w.l(__scatter_copy.o)
    0x08000186   0x08000186   0x00000002   PAD
    0x08000188   0x08000188   0x0000001c   Code   RO         5050    !!handler_zi        c_w.l(__scatter_zi.o)
    0x080001a4   0x080001a4   0x00000000   Code   RO         4765    .ARM.Collect$$_printf_percent$$00000000  c_w.l(_printf_percent.o)
    0x080001a4   0x080001a4   0x00000006   Code   RO         4764    .ARM.Collect$$_printf_percent$$0000000C  c_w.l(_printf_x.o)
    0x080001aa   0x080001aa   0x00000004   Code   RO         4851    .ARM.Collect$$_printf_percent$$00000017  c_w.l(_printf_percent_end.o)
    0x080001ae   0x080001ae   0x00000002   Code   RO         4923    .ARM.Collect$$libinit$$00000000  c_w.l(libinit.o)
    0x080001b0   0x080001b0   0x00000004   Code   RO         4926    .ARM.Collect$$libinit$$00000001  c_w.l(libinit2.o)
    0x080001b4   0x080001b4   0x00000000   Code   RO         4929    .ARM.Collect$$libinit$$00000004  c_w.l(libinit2.o)
    0x080001b4   0x080001b4   0x00000000   Code   RO         4932    .ARM.Collect$$libinit$$0000000A  c_w.l(libinit2.o)
    0x080001b4   0x080001b4   0x00000000   Code   RO         4934    .ARM.Collect$$libinit$$0000000C  c_w.l(libinit2.o)
    0x080001b4   0x080001b4   0x00000000   Code   RO         4936    .ARM.Collect$$libinit$$0000000E  c_w.l(libinit2.o)
    0x080001b4   0x080001b4   0x00000000   Code   RO         4939    .ARM.Collect$$libinit$$00000011  c_w.l(libinit2.o)
    0x080001b4   0x080001b4   0x00000000   Code   RO         4941    .ARM.Collect$$libinit$$00000013  c_w.l(libinit2.o)
    0x080001b4   0x080001b4   0x00000000   Code   RO         4943    .ARM.Collect$$libinit$$00000015  c_w.l(libinit2.o)
    0x080001b4   0x080001b4   0x00000000   Code   RO         4945    .ARM.Collect$$libinit$$00000017  c_w.l(libinit2.o)
    0x080001b4   0x080001b4   0x00000000   Code   RO         4947    .ARM.Collect$$libinit$$00000019  c_w.l(libinit2.o)
    0x080001b4   0x080001b4   0x00000000   Code   RO         4949    .ARM.Collect$$libinit$$0000001B  c_w.l(libinit2.o)
    0x080001b4   0x080001b4   0x00000000   Code   RO         4951    .ARM.Collect$$libinit$$0000001D  c_w.l(libinit2.o)
    0x080001b4   0x080001b4   0x00000000   Code   RO         4953    .ARM.Collect$$libinit$$0000001F  c_w.l(libinit2.o)
    0x080001b4   0x080001b4   0x00000000   Code   RO         4955    .ARM.Collect$$libinit$$00000021  c_w.l(libinit2.o)
    0x080001b4   0x080001b4   0x00000000   Code   RO         4957    .ARM.Collect$$libinit$$00000023  c_w.l(libinit2.o)
    0x080001b4   0x080001b4   0x00000000   Code   RO         4959    .ARM.Collect$$libinit$$00000025  c_w.l(libinit2.o)
    0x080001b4   0x080001b4   0x00000000   Code   RO         4963    .ARM.Collect$$libinit$$0000002C  c_w.l(libinit2.o)
    0x080001b4   0x080001b4   0x00000000   Code   RO         4965    .ARM.Collect$$libinit$$0000002E  c_w.l(libinit2.o)
    0x080001b4   0x080001b4   0x00000000   Code   RO         4967    .ARM.Collect$$libinit$$00000030  c_w.l(libinit2.o)
    0x080001b4   0x080001b4   0x00000000   Code   RO         4969    .ARM.Collect$$libinit$$00000032  c_w.l(libinit2.o)
    0x080001b4   0x080001b4   0x00000002   Code   RO         4970    .ARM.Collect$$libinit$$00000033  c_w.l(libinit2.o)
    0x080001b6   0x080001b6   0x00000002   Code   RO         4988    .ARM.Collect$$libshutdown$$00000000  c_w.l(libshutdown.o)
    0x080001b8   0x080001b8   0x00000000   Code   RO         4998    .ARM.Collect$$libshutdown$$00000002  c_w.l(libshutdown2.o)
    0x080001b8   0x080001b8   0x00000000   Code   RO         5000    .ARM.Collect$$libshutdown$$00000004  c_w.l(libshutdown2.o)
    0x080001b8   0x080001b8   0x00000000   Code   RO         5003    .ARM.Collect$$libshutdown$$00000007  c_w.l(libshutdown2.o)
    0x080001b8   0x080001b8   0x00000000   Code   RO         5006    .ARM.Collect$$libshutdown$$0000000A  c_w.l(libshutdown2.o)
    0x080001b8   0x080001b8   0x00000000   Code   RO         5008    .ARM.Collect$$libshutdown$$0000000C  c_w.l(libshutdown2.o)
    0x080001b8   0x080001b8   0x00000000   Code   RO         5011    .ARM.Collect$$libshutdown$$0000000F  c_w.l(libshutdown2.o)
    0x080001b8   0x080001b8   0x00000002   Code   RO         5012    .ARM.Collect$$libshutdown$$00000010  c_w.l(libshutdown2.o)
    0x080001ba   0x080001ba   0x00000000   Code   RO         4844    .ARM.Collect$$rtentry$$00000000  c_w.l(__rtentry.o)
    0x080001ba   0x080001ba   0x00000000   Code   RO         4884    .ARM.Collect$$rtentry$$00000002  c_w.l(__rtentry2.o)
    0x080001ba   0x080001ba   0x00000006   Code   RO         4896    .ARM.Collect$$rtentry$$00000004  c_w.l(__rtentry4.o)
    0x080001c0   0x080001c0   0x00000000   Code   RO         4886    .ARM.Collect$$rtentry$$00000009  c_w.l(__rtentry2.o)
    0x080001c0   0x080001c0   0x00000004   Code   RO         4887    .ARM.Collect$$rtentry$$0000000A  c_w.l(__rtentry2.o)
    0x080001c4   0x080001c4   0x00000000   Code   RO         4889    .ARM.Collect$$rtentry$$0000000C  c_w.l(__rtentry2.o)
    0x080001c4   0x080001c4   0x00000008   Code   RO         4890    .ARM.Collect$$rtentry$$0000000D  c_w.l(__rtentry2.o)
    0x080001cc   0x080001cc   0x00000002   Code   RO         4924    .ARM.Collect$$rtexit$$00000000  c_w.l(rtexit.o)
    0x080001ce   0x080001ce   0x00000000   Code   RO         4972    .ARM.Collect$$rtexit$$00000002  c_w.l(rtexit2.o)
    0x080001ce   0x080001ce   0x00000004   Code   RO         4973    .ARM.Collect$$rtexit$$00000003  c_w.l(rtexit2.o)
    0x080001d2   0x080001d2   0x00000006   Code   RO         4974    .ARM.Collect$$rtexit$$00000004  c_w.l(rtexit2.o)
    0x080001d8   0x080001d8   0x00000040   Code   RO            4    .text               startup_gd32f30x_xd.o
    0x08000218   0x08000218   0x00000002   Code   RO         4715    .text               c_w.l(use_no_semi_2.o)
    0x0800021a   0x0800021a   0x00000002   PAD
    0x0800021c   0x0800021c   0x00000018   Code   RO         4719    .text               c_w.l(noretval__2printf.o)
    0x08000234   0x08000234   0x00000058   Code   RO         4726    .text               c_w.l(_printf_hex_int.o)
    0x0800028c   0x0800028c   0x00000094   Code   RO         4744    .text               c_w.l(__printf_flags.o)
    0x08000320   0x08000320   0x0000004e   Code   RO         4768    .text               c_w.l(rt_memclr_w.o)
    0x0800036e   0x0800036e   0x00000006   Code   RO         4770    .text               c_w.l(heapauxi.o)
    0x08000374   0x08000374   0x00000002   Code   RO         4842    .text               c_w.l(use_no_semi.o)
    0x08000376   0x08000376   0x000000b2   Code   RO         4847    .text               c_w.l(_printf_intcommon.o)
    0x08000428   0x08000428   0x00000024   Code   RO         4849    .text               c_w.l(_printf_char_file.o)
    0x0800044c   0x0800044c   0x00000030   Code   RO         4903    .text               c_w.l(_printf_char_common.o)
    0x0800047c   0x0800047c   0x00000008   Code   RO         4905    .text               c_w.l(ferror.o)
    0x08000484   0x08000484   0x00000008   Code   RO         4909    .text               c_w.l(libspace.o)
    0x0800048c   0x0800048c   0x0000004a   Code   RO         4912    .text               c_w.l(sys_stackheap_outer.o)
    0x080004d6   0x080004d6   0x00000012   Code   RO         4916    .text               c_w.l(exit.o)
    0x080004e8   0x080004e8   0x00000004   Code   RO         4644    i.BusFault_Handler  gd32f30x_it.o
    0x080004ec   0x080004ec   0x00000020   Code   RO         4438    i.CAN0_RX1_IRQHandler  can.o
    0x0800050c   0x0800050c   0x0000001e   Code   RO         4148    i.CRC8              sca3300.o
    0x0800052a   0x0800052a   0x00000030   Code   RO         4149    i.CalculateCRC      sca3300.o
    0x0800055a   0x0800055a   0x00000002   Code   RO         4645    i.DebugMon_Handler  gd32f30x_it.o
    0x0800055c   0x0800055c   0x00000004   Code   RO         4646    i.HardFault_Handler  gd32f30x_it.o
    0x08000560   0x08000560   0x00000004   Code   RO         4647    i.MemManage_Handler  gd32f30x_it.o
    0x08000564   0x08000564   0x00000002   Code   RO         4648    i.NMI_Handler       gd32f30x_it.o
    0x08000566   0x08000566   0x00000002   Code   RO         4649    i.PendSV_Handler    gd32f30x_it.o
    0x08000568   0x08000568   0x00000002   Code   RO         4650    i.SVC_Handler       gd32f30x_it.o
    0x0800056a   0x0800056a   0x00000008   Code   RO         4651    i.SysTick_Handler   gd32f30x_it.o
    0x08000572   0x08000572   0x00000002   PAD
    0x08000574   0x08000574   0x000000a8   Code   RO           13    i.SystemInit        system_gd32f30x.o
    0x0800061c   0x0800061c   0x00000038   Code   RO         4482    i.TIMER2_IRQHandler  time2.o
    0x08000654   0x08000654   0x00000094   Code   RO         4056    i.USART0_IRQHandler  rs485.o
    0x080006e8   0x080006e8   0x00000004   Code   RO         4652    i.UsageFault_Handler  gd32f30x_it.o
    0x080006ec   0x080006ec   0x00000004   Code   RO         4057    i._sys_exit         rs485.o
    0x080006f0   0x080006f0   0x0000005c   Code   RO         4439    i.can_config_init   can.o
    0x0800074c   0x0800074c   0x00000020   Code   RO          520    i.can_deinit        gd32f30x_can.o
    0x0800076c   0x0800076c   0x00000110   Code   RO          523    i.can_filter_init   gd32f30x_can.o
    0x0800087c   0x0800087c   0x0000003c   Code   RO         4440    i.can_gpio_init     can.o
    0x080008b8   0x080008b8   0x00000122   Code   RO          526    i.can_init          gd32f30x_can.o
    0x080009da   0x080009da   0x00000008   Code   RO          528    i.can_interrupt_enable  gd32f30x_can.o
    0x080009e2   0x080009e2   0x000000e4   Code   RO          531    i.can_message_receive  gd32f30x_can.o
    0x08000ac6   0x08000ac6   0x000000a4   Code   RO          535    i.can_struct_para_init  gd32f30x_can.o
    0x08000b6a   0x08000b6a   0x00000032   Code   RO         4395    i.dac_config_init   dac.o
    0x08000b9c   0x08000b9c   0x00000058   Code   RO          893    i.dac_data_set      gd32f30x_dac.o
    0x08000bf4   0x08000bf4   0x00000014   Code   RO          894    i.dac_deinit        gd32f30x_dac.o
    0x08000c08   0x08000c08   0x00000024   Code   RO          898    i.dac_enable        gd32f30x_dac.o
    0x08000c2c   0x08000c2c   0x00000024   Code   RO         4396    i.dac_gpio_init     dac.o
    0x08000c50   0x08000c50   0x0000000c   Code   RO         4397    i.dac_init          dac.o
    0x08000c5c   0x08000c5c   0x00000024   Code   RO          901    i.dac_output_buffer_enable  gd32f30x_dac.o
    0x08000c80   0x08000c80   0x00000084   Code   RO         4398    i.dac_output_voltage  dac.o
    0x08000d04   0x08000d04   0x00000024   Code   RO          906    i.dac_trigger_disable  gd32f30x_dac.o
    0x08000d28   0x08000d28   0x00000034   Code   RO          910    i.dac_wave_mode_config  gd32f30x_dac.o
    0x08000d5c   0x08000d5c   0x00000018   Code   RO         4550    i.delay_decrement   systick.o
    0x08000d74   0x08000d74   0x0000004c   Code   RO         4551    i.delay_ms          systick.o
    0x08000dc0   0x08000dc0   0x0000004c   Code   RO         4552    i.delay_us          systick.o
    0x08000e0c   0x08000e0c   0x00000024   Code   RO         4058    i.fputc             rs485.o
    0x08000e30   0x08000e30   0x000000bc   Code   RO         1848    i.gpio_init         gd32f30x_gpio.o
    0x08000eec   0x08000eec   0x00000010   Code   RO         1849    i.gpio_input_bit_get  gd32f30x_gpio.o
    0x08000efc   0x08000efc   0x00000090   Code   RO         1854    i.gpio_pin_remap_config  gd32f30x_gpio.o
    0x08000f8c   0x08000f8c   0x00000010   Code   RO         4260    i.icm20948_init     icm20948.o
    0x08000f9c   0x08000f9c   0x0000001c   Code   RO         4261    i.icm20948_read_id  icm20948.o
    0x08000fb8   0x08000fb8   0x0000000c   Code   RO         4296    i.iic_delay_us      iic.o
    0x08000fc4   0x08000fc4   0x0000009c   Code   RO         4297    i.iic_init          iic.o
    0x08001060   0x08001060   0x0000005c   Code   RO         4514    i.main              main.o
    0x080010bc   0x080010bc   0x000000c4   Code   RO         2166    i.nvic_irq_enable   gd32f30x_misc.o
    0x08001180   0x08001180   0x00000014   Code   RO         2167    i.nvic_priority_group_set  gd32f30x_misc.o
    0x08001194   0x08001194   0x00000158   Code   RO         2365    i.rcu_clock_freq_get  gd32f30x_rcu.o
    0x080012ec   0x080012ec   0x00000020   Code   RO         2383    i.rcu_periph_clock_enable  gd32f30x_rcu.o
    0x0800130c   0x0800130c   0x00000020   Code   RO         2386    i.rcu_periph_reset_disable  gd32f30x_rcu.o
    0x0800132c   0x0800132c   0x00000020   Code   RO         2387    i.rcu_periph_reset_enable  gd32f30x_rcu.o
    0x0800134c   0x0800134c   0x0000009e   Code   RO         4300    i.rdSensorReg8_8    iic.o
    0x080013ea   0x080013ea   0x00000002   PAD
    0x080013ec   0x080013ec   0x000000c8   Code   RO         4059    i.rs485_init        rs485.o
    0x080014b4   0x080014b4   0x00000048   Code   RO         4155    i.sca3300_init      sca3300.o
    0x080014fc   0x080014fc   0x00000078   Code   RO         4156    i.sca3300_read_register  sca3300.o
    0x08001574   0x08001574   0x00000050   Code   RO         4157    i.sca3300_write_register  sca3300.o
    0x080015c4   0x080015c4   0x0000006a   Code   RO         4301    i.sccb_bus_read_byte  iic.o
    0x0800162e   0x0800162e   0x0000003c   Code   RO         4303    i.sccb_bus_send_noack  iic.o
    0x0800166a   0x0800166a   0x0000003c   Code   RO         4304    i.sccb_bus_start    iic.o
    0x080016a6   0x080016a6   0x0000002e   Code   RO         4305    i.sccb_bus_stop     iic.o
    0x080016d4   0x080016d4   0x0000009c   Code   RO         4306    i.sccb_bus_write_byte  iic.o
    0x08001770   0x08001770   0x0000000c   Code   RO         4442    i.self_can_init     can.o
    0x0800177c   0x0800177c   0x00000050   Code   RO         4232    i.spi1_write_read_byte  spi.o
    0x080017cc   0x080017cc   0x0000000a   Code   RO         3001    i.spi_enable        gd32f30x_spi.o
    0x080017d6   0x080017d6   0x00000008   Code   RO         3003    i.spi_i2s_data_receive  gd32f30x_spi.o
    0x080017de   0x080017de   0x00000004   Code   RO         3004    i.spi_i2s_data_transmit  gd32f30x_spi.o
    0x080017e2   0x080017e2   0x00000010   Code   RO         3006    i.spi_i2s_flag_get  gd32f30x_spi.o
    0x080017f2   0x080017f2   0x00000032   Code   RO         3011    i.spi_init          gd32f30x_spi.o
    0x08001824   0x08001824   0x00000080   Code   RO         4233    i.spi_init_config   spi.o
    0x080018a4   0x080018a4   0x000000fc   Code   RO           14    i.system_clock_120m_irc8m  system_gd32f30x.o
    0x080019a0   0x080019a0   0x00000008   Code   RO           15    i.system_clock_config  system_gd32f30x.o
    0x080019a8   0x080019a8   0x00000028   Code   RO         2171    i.systick_clksource_set  gd32f30x_misc.o
    0x080019d0   0x080019d0   0x00000044   Code   RO         4553    i.systick_config    systick.o
    0x08001a14   0x08001a14   0x0000005c   Code   RO         4483    i.time2_init        time2.o
    0x08001a70   0x08001a70   0x00000184   Code   RO         3277    i.timer_deinit      gd32f30x_timer.o
    0x08001bf4   0x08001bf4   0x0000000a   Code   RO         3282    i.timer_enable      gd32f30x_timer.o
    0x08001bfe   0x08001bfe   0x00000002   PAD
    0x08001c00   0x08001c00   0x00000098   Code   RO         3292    i.timer_init        gd32f30x_timer.o
    0x08001c98   0x08001c98   0x00000008   Code   RO         3299    i.timer_interrupt_enable  gd32f30x_timer.o
    0x08001ca0   0x08001ca0   0x00000006   Code   RO         3300    i.timer_interrupt_flag_clear  gd32f30x_timer.o
    0x08001ca6   0x08001ca6   0x00000016   Code   RO         3312    i.timer_struct_para_init  gd32f30x_timer.o
    0x08001cbc   0x08001cbc   0x00000090   Code   RO         3687    i.usart_baudrate_set  gd32f30x_usart.o
    0x08001d4c   0x08001d4c   0x0000000a   Code   RO         3690    i.usart_data_receive  gd32f30x_usart.o
    0x08001d56   0x08001d56   0x00000008   Code   RO         3691    i.usart_data_transmit  gd32f30x_usart.o
    0x08001d5e   0x08001d5e   0x00000002   PAD
    0x08001d60   0x08001d60   0x00000090   Code   RO         3692    i.usart_deinit      gd32f30x_usart.o
    0x08001df0   0x08001df0   0x0000000a   Code   RO         3696    i.usart_enable      gd32f30x_usart.o
    0x08001dfa   0x08001dfa   0x0000001e   Code   RO         3698    i.usart_flag_get    gd32f30x_usart.o
    0x08001e18   0x08001e18   0x00000014   Code   RO         3702    i.usart_hardware_flow_cts_config  gd32f30x_usart.o
    0x08001e2c   0x08001e2c   0x00000014   Code   RO         3703    i.usart_hardware_flow_rts_config  gd32f30x_usart.o
    0x08001e40   0x08001e40   0x0000001a   Code   RO         3705    i.usart_interrupt_enable  gd32f30x_usart.o
    0x08001e5a   0x08001e5a   0x00000012   Code   RO         3706    i.usart_interrupt_flag_clear  gd32f30x_usart.o
    0x08001e6c   0x08001e6c   0x00000038   Code   RO         3707    i.usart_interrupt_flag_get  gd32f30x_usart.o
    0x08001ea4   0x08001ea4   0x00000010   Code   RO         3718    i.usart_parity_config  gd32f30x_usart.o
    0x08001eb4   0x08001eb4   0x00000014   Code   RO         3720    i.usart_receive_config  gd32f30x_usart.o
    0x08001ec8   0x08001ec8   0x00000010   Code   RO         3730    i.usart_stop_bit_set  gd32f30x_usart.o
    0x08001ed8   0x08001ed8   0x00000014   Code   RO         3734    i.usart_transmit_config  gd32f30x_usart.o
    0x08001eec   0x08001eec   0x00000010   Code   RO         3735    i.usart_word_length_set  gd32f30x_usart.o
    0x08001efc   0x08001efc   0x00000018   Code   RO         4854    x$fpl$dcmpinf       fz_wm.l(dcmpi.o)
    0x08001f14   0x08001f14   0x000002b0   Code   RO         4783    x$fpl$ddiv          fz_wm.l(ddiv.o)
    0x080021c4   0x080021c4   0x0000005a   Code   RO         4786    x$fpl$dfixu         fz_wm.l(dfixu.o)
    0x0800221e   0x0800221e   0x00000002   PAD
    0x08002220   0x08002220   0x00000078   Code   RO         4796    x$fpl$dleqf         fz_wm.l(dleqf.o)
    0x08002298   0x08002298   0x00000154   Code   RO         4798    x$fpl$dmul          fz_wm.l(dmul.o)
    0x080023ec   0x080023ec   0x0000009c   Code   RO         4856    x$fpl$dnaninf       fz_wm.l(dnaninf.o)
    0x08002488   0x08002488   0x0000000c   Code   RO         4858    x$fpl$dretinf       fz_wm.l(dretinf.o)
    0x08002494   0x08002494   0x0000006c   Code   RO         4800    x$fpl$drleqf        fz_wm.l(drleqf.o)
    0x08002500   0x08002500   0x00000056   Code   RO         4802    x$fpl$f2d           fz_wm.l(f2d.o)
    0x08002556   0x08002556   0x0000008c   Code   RO         4860    x$fpl$fnaninf       fz_wm.l(fnaninf.o)
    0x080025e2   0x080025e2   0x0000000a   Code   RO         4980    x$fpl$fpinit        fz_wm.l(fpinit.o)
    0x080025ec   0x080025ec   0x00000000   Code   RO         4866    x$fpl$usenofp       fz_wm.l(usenofp.o)
    0x080025ec   0x080025ec   0x00000028   Data   RO         4727    .constdata          c_w.l(_printf_hex_int.o)
    0x08002614   0x08002614   0x00000011   Data   RO         4745    .constdata          c_w.l(__printf_flags.o)
    0x08002625   0x08002625   0x00000003   PAD
    0x08002628   0x08002628   0x00000020   Data   RO         5044    Region$$Table       anon$$obj.o


    Execution Region RW_IRAM1 (Exec base: 0x20000000, Load base: 0x08002648, Size: 0x000008f8, Max: 0x00018000, ABSOLUTE)

    Exec Addr    Load Addr    Size         Type   Attr      Idx    E Section Name        Object

    0x20000000   0x08002648   0x00000004   Data   RW           16    .data               system_gd32f30x.o
    0x20000004   0x0800264c   0x00000008   Data   RW         4062    .data               rs485.o
    0x2000000c   0x08002654   0x00000002   Data   RW         4484    .data               time2.o
    0x2000000e   0x08002656   0x00000002   PAD
    0x20000010   0x08002658   0x00000008   Data   RW         4554    .data               systick.o
    0x20000018        -       0x00000064   Zero   RW         4061    .bss                rs485.o
    0x2000007c        -       0x00000018   Zero   RW         4309    .bss                iic.o
    0x20000094        -       0x00000060   Zero   RW         4910    .bss                c_w.l(libspace.o)
    0x200000f4   0x08002660   0x00000004   PAD
    0x200000f8        -       0x00000400   Zero   RW            2    HEAP                startup_gd32f30x_xd.o
    0x200004f8        -       0x00000400   Zero   RW            1    STACK               startup_gd32f30x_xd.o


==============================================================================

Image component sizes


      Code (inc. data)   RO Data    RW Data    ZI Data      Debug   Object Name

       196         14          0          0          0       2204   can.o
       230         26          0          0          0       2194   dac.o
       994         14          0          0          0       5366   gd32f30x_can.o
       268         28          0          0          0       4017   gd32f30x_dac.o
       348          6          0          0          0       2697   gd32f30x_gpio.o
        32          0          0          0          0       4162   gd32f30x_it.o
       256         20          0          0          0       2280   gd32f30x_misc.o
       440         46          0          0          0       3328   gd32f30x_rcu.o
        88          0          0          0          0       4266   gd32f30x_spi.o
       586         44          0          0          0       4782   gd32f30x_timer.o
       574         16          0          0          0      11588   gd32f30x_usart.o
        44          4          0          0          0       1107   icm20948.o
       754         16          0          0         24       6609   iic.o
        92         30          0          0          0        567   main.o
       388         38          0          8        100       4181   rs485.o
       350         22          0          0          0       3687   sca3300.o
       208         12          0          0          0       1333   spi.o
        64         26        304          0       2048       1028   startup_gd32f30x_xd.o
       428         28          0          4          0      73475   system_gd32f30x.o
       244         32          0          8          0       2585   systick.o
       148         20          0          2          0       1391   time2.o

    ----------------------------------------------------------------------
      6740        442        336         24       2172     142847   Object Totals
         0          0         32          0          0          0   (incl. Generated)
         8          0          0          2          0          0   (incl. Padding)

    ----------------------------------------------------------------------

      Code (inc. data)   RO Data    RW Data    ZI Data      Debug   Library Member Name

         8          0          0          0          0         68   __main.o
       148          4         17          0          0         84   __printf_flags.o
         0          0          0          0          0          0   __rtentry.o
        12          0          0          0          0          0   __rtentry2.o
         6          0          0          0          0          0   __rtentry4.o
        52          8          0          0          0          0   __scatter.o
        26          0          0          0          0          0   __scatter_copy.o
        28          0          0          0          0          0   __scatter_zi.o
        48          6          0          0          0         96   _printf_char_common.o
        36          4          0          0          0         80   _printf_char_file.o
        88          4         40          0          0         88   _printf_hex_int.o
       178          0          0          0          0         88   _printf_intcommon.o
         0          0          0          0          0          0   _printf_percent.o
         4          0          0          0          0          0   _printf_percent_end.o
         6          0          0          0          0          0   _printf_x.o
        18          0          0          0          0         80   exit.o
         8          0          0          0          0         68   ferror.o
         6          0          0          0          0        152   heapauxi.o
         2          0          0          0          0          0   libinit.o
         6          0          0          0          0          0   libinit2.o
         2          0          0          0          0          0   libshutdown.o
         2          0          0          0          0          0   libshutdown2.o
         8          4          0          0         96         68   libspace.o
        24          4          0          0          0         84   noretval__2printf.o
        78          0          0          0          0         80   rt_memclr_w.o
         2          0          0          0          0          0   rtexit.o
        10          0          0          0          0          0   rtexit2.o
        74          0          0          0          0         80   sys_stackheap_outer.o
         2          0          0          0          0         68   use_no_semi.o
         2          0          0          0          0         68   use_no_semi_2.o
        24          0          0          0          0        116   dcmpi.o
       688        140          0          0          0        256   ddiv.o
        90          4          0          0          0        140   dfixu.o
       120          4          0          0          0        140   dleqf.o
       340         12          0          0          0        152   dmul.o
       156          4          0          0          0        140   dnaninf.o
        12          0          0          0          0        116   dretinf.o
       108          0          0          0          0        128   drleqf.o
        86          4          0          0          0        132   f2d.o
       140          4          0          0          0        132   fnaninf.o
        10          0          0          0          0        116   fpinit.o
         0          0          0          0          0          0   usenofp.o

    ----------------------------------------------------------------------
      2664        206         60          0        100       2820   Library Totals
         6          0          3          0          4          0   (incl. Padding)

    ----------------------------------------------------------------------

      Code (inc. data)   RO Data    RW Data    ZI Data      Debug   Library Name

       884         34         57          0         96       1252   c_w.l
      1774        172          0          0          0       1568   fz_wm.l

    ----------------------------------------------------------------------
      2664        206         60          0        100       2820   Library Totals

    ----------------------------------------------------------------------

==============================================================================


      Code (inc. data)   RO Data    RW Data    ZI Data      Debug   

      9404        648        396         24       2272     134995   Grand Totals
      9404        648        396         24       2272     134995   ELF Image Totals
      9404        648        396         24          0          0   ROM Totals

==============================================================================

    Total RO  Size (Code + RO Data)                 9800 (   9.57kB)
    Total RW  Size (RW Data + ZI Data)              2296 (   2.24kB)
    Total ROM Size (Code + RO Data + RW Data)       9824 (   9.59kB)

==============================================================================

